*** Using Compiler 'V5.06 update 6 (build 750)', folder: 'D:\keil_v5\ARM\ARMCC\Bin'
Build target 'Target 1'
assembling startup_stm32f10x_md.s...
compiling core_cm3.c...
compiling stm32f10x_dbgmcu.c...
compiling stm32f10x_bkp.c...
compiling system_stm32f10x.c...
compiling misc.c...
compiling stm32f10x_can.c...
compiling stm32f10x_dma.c...
compiling stm32f10x_dac.c...
compiling stm32f10x_crc.c...
compiling stm32f10x_gpio.c...
compiling stm32f10x_adc.c...
compiling stm32f10x_cec.c...
compiling stm32f10x_flash.c...
compiling stm32f10x_exti.c...
compiling stm32f10x_fsmc.c...
compiling stm32f10x_i2c.c...
compiling stm32f10x_iwdg.c...
compiling stm32f10x_pwr.c...
compiling stm32f10x_rcc.c...
compiling stm32f10x_sdio.c...
compiling stm32f10x_rtc.c...
compiling stm32f10x_wwdg.c...
compiling Delay.c...
compiling main.c...
compiling stm32f10x_it.c...
compiling stm32f10x_spi.c...
compiling PWM.c...
compiling Servo.c...
compiling PetAction.c...
compiling stm32f10x_usart.c...
compiling BlueTooth.c...
compiling OLED_Data.c...
compiling stm32f10x_tim.c...
compiling Face_Config.c...
compiling PowerDetection.c...
compiling AD.c...
compiling OLED.c...
compiling Variable.c...
compiling Led_Breathing.c...
compiling Scheduler.c...
compiling Watchdog.c...
compiling PetState.c...
compiling ConfigStore.c...
linking...
Program Size: Code=13726 RO-data=10210 RW-data=188 ZI-data=2972  
FromELF: creating hex file...
".\Objects\Project.axf" - 0 Error(s), 0 Warning(s).
Build Time Elapsed:  00:00:03
