Component: ARM Compiler 5.06 update 6 (build 750) Tool: armlink [4d35ed]

==============================================================================

Section Cross References

    startup_stm32f10x_md.o(STACK) refers (Special) to heapauxi.o(.text) for __use_two_region_memory
    startup_stm32f10x_md.o(HEAP) refers (Special) to heapauxi.o(.text) for __use_two_region_memory
    startup_stm32f10x_md.o(RESET) refers (Special) to heapauxi.o(.text) for __use_two_region_memory
    startup_stm32f10x_md.o(RESET) refers to startup_stm32f10x_md.o(STACK) for __initial_sp
    startup_stm32f10x_md.o(RESET) refers to startup_stm32f10x_md.o(.text) for Reset_Handler
    startup_stm32f10x_md.o(RESET) refers to stm32f10x_it.o(i.NMI_Handler) for NMI_Handler
    startup_stm32f10x_md.o(RESET) refers to stm32f10x_it.o(i.HardFault_Handler) for HardFault_Handler
    startup_stm32f10x_md.o(RESET) refers to stm32f10x_it.o(i.MemManage_Handler) for MemManage_Handler
    startup_stm32f10x_md.o(RESET) refers to stm32f10x_it.o(i.BusFault_Handler) for BusFault_Handler
    startup_stm32f10x_md.o(RESET) refers to stm32f10x_it.o(i.UsageFault_Handler) for UsageFault_Handler
    startup_stm32f10x_md.o(RESET) refers to stm32f10x_it.o(i.SVC_Handler) for SVC_Handler
    startup_stm32f10x_md.o(RESET) refers to stm32f10x_it.o(i.DebugMon_Handler) for DebugMon_Handler
    startup_stm32f10x_md.o(RESET) refers to stm32f10x_it.o(i.PendSV_Handler) for PendSV_Handler
    startup_stm32f10x_md.o(RESET) refers to scheduler.o(i.SysTick_Handler) for SysTick_Handler
    startup_stm32f10x_md.o(RESET) refers to bluetooth.o(i.USART1_IRQHandler) for USART1_IRQHandler
    startup_stm32f10x_md.o(RESET) refers to bluetooth.o(i.USART3_IRQHandler) for USART3_IRQHandler
    startup_stm32f10x_md.o(.text) refers (Special) to heapauxi.o(.text) for __use_two_region_memory
    startup_stm32f10x_md.o(.text) refers to system_stm32f10x.o(i.SystemInit) for SystemInit
    startup_stm32f10x_md.o(.text) refers to __main.o(!!!main) for __main
    startup_stm32f10x_md.o(.text) refers to startup_stm32f10x_md.o(HEAP) for Heap_Mem
    startup_stm32f10x_md.o(.text) refers to startup_stm32f10x_md.o(STACK) for Stack_Mem
    system_stm32f10x.o(i.SetSysClock) refers to system_stm32f10x.o(i.SetSysClockTo72) for SetSysClockTo72
    system_stm32f10x.o(i.SystemCoreClockUpdate) refers to system_stm32f10x.o(.data) for SystemCoreClock
    system_stm32f10x.o(i.SystemInit) refers to system_stm32f10x.o(i.SetSysClock) for SetSysClock
    stm32f10x_adc.o(i.ADC_DeInit) refers to stm32f10x_rcc.o(i.RCC_APB2PeriphResetCmd) for RCC_APB2PeriphResetCmd
    stm32f10x_bkp.o(i.BKP_DeInit) refers to stm32f10x_rcc.o(i.RCC_BackupResetCmd) for RCC_BackupResetCmd
    stm32f10x_can.o(i.CAN_DeInit) refers to stm32f10x_rcc.o(i.RCC_APB1PeriphResetCmd) for RCC_APB1PeriphResetCmd
    stm32f10x_can.o(i.CAN_GetITStatus) refers to stm32f10x_can.o(i.CheckITStatus) for CheckITStatus
    stm32f10x_cec.o(i.CEC_DeInit) refers to stm32f10x_rcc.o(i.RCC_APB1PeriphResetCmd) for RCC_APB1PeriphResetCmd
    stm32f10x_dac.o(i.DAC_DeInit) refers to stm32f10x_rcc.o(i.RCC_APB1PeriphResetCmd) for RCC_APB1PeriphResetCmd
    stm32f10x_flash.o(i.FLASH_EnableWriteProtection) refers to stm32f10x_flash.o(i.FLASH_WaitForLastOperation) for FLASH_WaitForLastOperation
    stm32f10x_flash.o(i.FLASH_EraseAllBank1Pages) refers to stm32f10x_flash.o(i.FLASH_WaitForLastBank1Operation) for FLASH_WaitForLastBank1Operation
    stm32f10x_flash.o(i.FLASH_EraseAllPages) refers to stm32f10x_flash.o(i.FLASH_WaitForLastOperation) for FLASH_WaitForLastOperation
    stm32f10x_flash.o(i.FLASH_EraseOptionBytes) refers to stm32f10x_flash.o(i.FLASH_GetReadOutProtectionStatus) for FLASH_GetReadOutProtectionStatus
    stm32f10x_flash.o(i.FLASH_EraseOptionBytes) refers to stm32f10x_flash.o(i.FLASH_WaitForLastOperation) for FLASH_WaitForLastOperation
    stm32f10x_flash.o(i.FLASH_ErasePage) refers to stm32f10x_flash.o(i.FLASH_WaitForLastOperation) for FLASH_WaitForLastOperation
    stm32f10x_flash.o(i.FLASH_ProgramHalfWord) refers to stm32f10x_flash.o(i.FLASH_WaitForLastOperation) for FLASH_WaitForLastOperation
    stm32f10x_flash.o(i.FLASH_ProgramOptionByteData) refers to stm32f10x_flash.o(i.FLASH_WaitForLastOperation) for FLASH_WaitForLastOperation
    stm32f10x_flash.o(i.FLASH_ProgramWord) refers to stm32f10x_flash.o(i.FLASH_WaitForLastOperation) for FLASH_WaitForLastOperation
    stm32f10x_flash.o(i.FLASH_ReadOutProtection) refers to stm32f10x_flash.o(i.FLASH_WaitForLastOperation) for FLASH_WaitForLastOperation
    stm32f10x_flash.o(i.FLASH_UserOptionByteConfig) refers to stm32f10x_flash.o(i.FLASH_WaitForLastOperation) for FLASH_WaitForLastOperation
    stm32f10x_flash.o(i.FLASH_WaitForLastBank1Operation) refers to stm32f10x_flash.o(i.FLASH_GetBank1Status) for FLASH_GetBank1Status
    stm32f10x_flash.o(i.FLASH_WaitForLastOperation) refers to stm32f10x_flash.o(i.FLASH_GetBank1Status) for FLASH_GetBank1Status
[...]
    i.BlueTooth_Task                         0x080007c8   Section        0  bluetooth.o(i.BlueTooth_Task)
    i.BufferPop                              0x080007e4   Section        0  bluetooth.o(i.BufferPop)
    BufferPop                                0x080007e5   Thumb Code    52  bluetooth.o(i.BufferPop)
    i.BufferPush                             0x08000818   Section        0  bluetooth.o(i.BufferPush)
    BufferPush                               0x08000819   Thumb Code    58  bluetooth.o(i.BufferPush)
    i.BusFault_Handler                       0x08000852   Section        0  stm32f10x_it.o(i.BusFault_Handler)
    i.CRC_CalcCRC                            0x08000858   Section        0  stm32f10x_crc.o(i.CRC_CalcCRC)
    i.CRC_GetCRC                             0x08000868   Section        0  stm32f10x_crc.o(i.CRC_GetCRC)
    i.CRC_ResetDR                            0x08000874   Section        0  stm32f10x_crc.o(i.CRC_ResetDR)
    i.ConfigChecksum                         0x08000880   Section        0  configstore.o(i.ConfigChecksum)
    ConfigChecksum                           0x08000881   Thumb Code    60  configstore.o(i.ConfigChecksum)
    i.ConfigStore_Get                        0x080008bc   Section        0  configstore.o(i.ConfigStore_Get)
    i.ConfigStore_Load                       0x080008c4   Section        0  configstore.o(i.ConfigStore_Load)
    i.ConfigStore_Save                       0x08000968   Section        0  configstore.o(i.ConfigStore_Save)
    i.DMA_Cmd                                0x08000a38   Section        0  stm32f10x_dma.o(i.DMA_Cmd)
    i.DMA_DeInit                             0x08000a50   Section        0  stm32f10x_dma.o(i.DMA_DeInit)
    i.DMA_Init                               0x08000b9c   Section        0  stm32f10x_dma.o(i.DMA_Init)
    i.DebugMon_Handler                       0x08000bd8   Section        0  stm32f10x_it.o(i.DebugMon_Handler)
    i.DispatchCommand                        0x08000bdc   Section        0  bluetooth.o(i.DispatchCommand)
    DispatchCommand                          0x08000bdd   Thumb Code   214  bluetooth.o(i.DispatchCommand)
    i.FLASH_ErasePage                        0x08000cbc   Section        0  stm32f10x_flash.o(i.FLASH_ErasePage)
    i.FLASH_GetBank1Status                   0x08000d08   Section        0  stm32f10x_flash.o(i.FLASH_GetBank1Status)
    i.FLASH_Lock                             0x08000d3c   Section        0  stm32f10x_flash.o(i.FLASH_Lock)
    i.FLASH_ProgramHalfWord                  0x08000d50   Section        0  stm32f10x_flash.o(i.FLASH_ProgramHalfWord)
    i.FLASH_Unlock                           0x08000d90   Section        0  stm32f10x_flash.o(i.FLASH_Unlock)
    i.FLASH_WaitForLastOperation             0x08000da8   Section        0  stm32f10x_flash.o(i.FLASH_WaitForLastOperation)
    i.Face_Config                            0x08000dd0   Section        0  face_config.o(i.Face_Config)
    i.FrameDuration                          0x08000f68   Section        0  petaction.o(i.FrameDuration)
    FrameDuration                            0x08000f69   Thumb Code    38  petaction.o(i.FrameDuration)
    i.GPIO_Init                              0x08000fa0   Section        0  stm32f10x_gpio.o(i.GPIO_Init)
    i.GPIO_WriteBit                          0x080010b6   Section        0  stm32f10x_gpio.o(i.GPIO_WriteBit)
    i.GetBattery                             0x080010c0   Section        0  powerdetection.o(i.GetBattery)
    i.GetBattery_Init                        0x08001130   Section        0  powerdetection.o(i.GetBattery_Init)
    i.GetCur_Power                           0x08001138   Section        0  powerdetection.o(i.GetCur_Power)
    i.HardFault_Handler                      0x080011a8   Section        0  stm32f10x_it.o(i.HardFault_Handler)
    i.IWDG_Enable                            0x080011ac   Section        0  stm32f10x_iwdg.o(i.IWDG_Enable)
    i.IWDG_ReloadCounter                     0x080011bc   Section        0  stm32f10x_iwdg.o(i.IWDG_ReloadCounter)
    i.IWDG_SetPrescaler                      0x080011cc   Section        0  stm32f10x_iwdg.o(i.IWDG_SetPrescaler)
    i.IWDG_SetReload                         0x080011d8   Section        0  stm32f10x_iwdg.o(i.IWDG_SetReload)
    i.IWDG_WriteAccessCmd                    0x080011e4   Section        0  stm32f10x_iwdg.o(i.IWDG_WriteAccessCmd)
    i.IsMotion                               0x080011f0   Section        0  petstate.o(i.IsMotion)
    IsMotion                                 0x080011f1   Thumb Code    22  petstate.o(i.IsMotion)
    i.LED_Breathing                          0x08001208   Section        0  led_breathing.o(i.LED_Breathing)
    i.MemManage_Handler                      0x080012f8   Section        0  stm32f10x_it.o(i.MemManage_Handler)
    i.NMI_Handler                            0x080012fc   Section        0  stm32f10x_it.o(i.NMI_Handler)
    i.NVIC_Init                              0x08001300   Section        0  misc.o(i.NVIC_Init)
    i.NVIC_PriorityGroupConfig               0x08001370   Section        0  misc.o(i.NVIC_PriorityGroupConfig)
    i.OLED_Clear                             0x08001384   Section        0  oled.o(i.OLED_Clear)
    i.OLED_ClearArea                         0x080013ac   Section        0  oled.o(i.OLED_ClearArea)
    i.OLED_GPIO_Init                         0x0800143c   Section        0  oled.o(i.OLED_GPIO_Init)
    i.OLED_I2C_SendByte                      0x0800149c   Section        0  oled.o(i.OLED_I2C_SendByte)
    i.OLED_I2C_Start                         0x080014da   Section        0  oled.o(i.OLED_I2C_Start)
    i.OLED_I2C_Stop                          0x080014f6   Section        0  oled.o(i.OLED_I2C_Stop)
    i.OLED_Init                              0x0800150c   Section        0  oled.o(i.OLED_Init)
    i.OLED_Pow                               0x080015a6   Section        0  oled.o(i.OLED_Pow)
    i.OLED_SetCursor                         0x080015ba   Section        0  oled.o(i.OLED_SetCursor)
    i.OLED_ShowChar                          0x080015e0   Section        0  oled.o(i.OLED_ShowChar)
    i.OLED_ShowImage                         0x08001634   Section        0  oled.o(i.OLED_ShowImage)
    i.OLED_ShowNum                           0x08001730   Section        0  oled.o(i.OLED_ShowNum)
    i.OLED_ShowString                        0x0800177c   Section        0  oled.o(i.OLED_ShowString)
    i.OLED_Update                            0x080017ac   Section        0  oled.o(i.OLED_Update)
    i.OLED_W_SCL                             0x080017d4   Section        0  oled.o(i.OLED_W_SCL)
    i.OLED_W_SDA                             0x080017ec   Section        0  oled.o(i.OLED_W_SDA)
    i.OLED_WriteCommand                      0x08001804   Section        0  oled.o(i.OLED_WriteCommand)
    i.OLED_WriteData                         0x08001824   Section        0  oled.o(i.OLED_WriteData)
    i.PWM_Init                               0x08001854   Section        0  pwm.o(i.PWM_Init)
    i.PWM_LED1                               0x08001970   Section        0  pwm.o(i.PWM_LED1)
    i.PWM_LED2                               0x08001984   Section        0  pwm.o(i.PWM_LED2)
    i.PWM_SetCompare1                        0x08001998   Section        0  pwm.o(i.PWM_SetCompare1)
    i.PWM_SetCompare2                        0x080019a8   Section        0  pwm.o(i.PWM_SetCompare2)
    i.PWM_SetCompare3                        0x080019b8   Section        0  pwm.o(i.PWM_SetCompare3)
    i.PWM_SetCompare4                        0x080019c8   Section        0  pwm.o(i.PWM_SetCompare4)
    i.PWM_WSetCompare                        0x080019d8   Section        0  pwm.o(i.PWM_WSetCompare)
    i.ParseBuffer                            0x080019ec   Section        0  bluetooth.o(i.ParseBuffer)
    ParseBuffer                              0x080019ed   Thumb Code   402  bluetooth.o(i.ParseBuffer)
    i.PendSV_Handler                         0x08001ba0   Section        0  stm32f10x_it.o(i.PendSV_Handler)
    i.PetAction_Init                         0x08001ba4   Section        0  petaction.o(i.PetAction_Init)
    i.PetAction_IsBusy                       0x08001bbc   Section        0  petaction.o(i.PetAction_IsBusy)
    i.PetAction_Request                      0x08001bd8   Section        0  petaction.o(i.PetAction_Request)
    i.PetAction_Stop                         0x08001c38   Section        0  petaction.o(i.PetAction_Stop)
    i.PetAction_Task20ms                     0x08001c44   Section        0  petaction.o(i.PetAction_Task20ms)
    i.PetState_Command                       0x08001d04   Section        0  petstate.o(i.PetState_Command)
    i.PetState_Get                           0x08001ed8   Section        0  petstate.o(i.PetState_Get)
    i.PetState_Init                          0x08001ee0   Section        0  petstate.o(i.PetState_Init)
    i.PetState_Task100ms                     0x08001f10   Section        0  petstate.o(i.PetState_Task100ms)
    i.PetState_Task1s                        0x08001fac   Section        0  petstate.o(i.PetState_Task1s)
    i.RCC_ADCCLKConfig                       0x080020e4   Section        0  stm32f10x_rcc.o(i.RCC_ADCCLKConfig)
    i.RCC_AHBPeriphClockCmd                  0x080020fc   Section        0  stm32f10x_rcc.o(i.RCC_AHBPeriphClockCmd)
    i.RCC_APB1PeriphClockCmd                 0x0800211c   Section        0  stm32f10x_rcc.o(i.RCC_APB1PeriphClockCmd)
    i.RCC_APB2PeriphClockCmd                 0x0800213c   Section        0  stm32f10x_rcc.o(i.RCC_APB2PeriphClockCmd)
    i.RCC_ClearFlag                          0x0800215c   Section        0  stm32f10x_rcc.o(i.RCC_ClearFlag)
    i.RCC_GetClocksFreq                      0x08002170   Section        0  stm32f10x_rcc.o(i.RCC_GetClocksFreq)
    i.RCC_GetFlagStatus                      0x08002244   Section        0  stm32f10x_rcc.o(i.RCC_GetFlagStatus)
    i.SVC_Handler                            0x08002280   Section        0  stm32f10x_it.o(i.SVC_Handler)
    i.Scheduler_Elapsed                      0x08002282   Section        0  scheduler.o(i.Scheduler_Elapsed)
    i.Scheduler_Init                         0x080022a0   Section        0  scheduler.o(i.Scheduler_Init)
    i.Scheduler_Millis                       0x08002300   Section        0  scheduler.o(i.Scheduler_Millis)
    i.SelectAction                           0x0800230c   Section        0  petaction.o(i.SelectAction)
    SelectAction                             0x0800230d   Thumb Code   286  petaction.o(i.SelectAction)
    i.SendByte                               0x08002470   Section        0  bluetooth.o(i.SendByte)
    SendByte                                 0x08002471   Thumb Code    36  bluetooth.o(i.SendByte)
    i.SendFrame                              0x0800249c   Section        0  bluetooth.o(i.SendFrame)
    SendFrame                                0x0800249d   Thumb Code    78  bluetooth.o(i.SendFrame)
    i.Servo_Clamp                            0x080024ec   Section        0  servo.o(i.Servo_Clamp)
    Servo_Clamp                              0x080024ed   Thumb Code    36  servo.o(i.Servo_Clamp)
    i.Servo_GetCalibration                   0x08002514   Section        0  servo.o(i.Servo_GetCalibration)
    i.Servo_GetTarget                        0x08002540   Section        0  servo.o(i.Servo_GetTarget)
    i.Servo_Init                             0x08002560   Section        0  servo.o(i.Servo_Init)
    i.Servo_SetCalibration                   0x08002584   Section        0  servo.o(i.Servo_SetCalibration)
    i.Servo_SetTarget                        0x080025bc   Section        0  servo.o(i.Servo_SetTarget)
    i.Servo_SetTargets                       0x08002624   Section        0  servo.o(i.Servo_SetTargets)
    i.Servo_Task20ms                         0x0800268c   Section        0  servo.o(i.Servo_Task20ms)
    i.Servo_Write                            0x08002724   Section        0  servo.o(i.Servo_Write)
    Servo_Write                              0x08002725   Thumb Code   318  servo.o(i.Servo_Write)
    i.SetSysClock                            0x0800287c   Section        0  system_stm32f10x.o(i.SetSysClock)
    SetSysClock                              0x0800287d   Thumb Code     8  system_stm32f10x.o(i.SetSysClock)
    i.SetSysClockTo72                        0x08002884   Section        0  system_stm32f10x.o(i.SetSysClockTo72)
    SetSysClockTo72                          0x08002885   Thumb Code   214  system_stm32f10x.o(i.SetSysClockTo72)
    i.SysTick_Handler                        0x08002964   Section        0  scheduler.o(i.SysTick_Handler)
    i.SystemInit                             0x08002974   Section        0  system_stm32f10x.o(i.SystemInit)
    i.TIM_Cmd                                0x080029d4   Section        0  stm32f10x_tim.o(i.TIM_Cmd)
    i.TIM_InternalClockConfig                0x080029ec   Section        0  stm32f10x_tim.o(i.TIM_InternalClockConfig)
    i.TIM_OC1Init                            0x080029f8   Section        0  stm32f10x_tim.o(i.TIM_OC1Init)
    i.TIM_OC2Init                            0x08002a90   Section        0  stm32f10x_tim.o(i.TIM_OC2Init)
    i.TIM_OC3Init                            0x08002b34   Section        0  stm32f10x_tim.o(i.TIM_OC3Init)
    i.TIM_OC4Init                            0x08002bd4   Section        0  stm32f10x_tim.o(i.TIM_OC4Init)
    i.TIM_OCStructInit                       0x08002c50   Section        0  stm32f10x_tim.o(i.TIM_OCStructInit)
    i.TIM_SelectOutputTrigger                0x08002c64   Section        0  stm32f10x_tim.o(i.TIM_SelectOutputTrigger)
    i.TIM_SetCompare1                        0x08002c76   Section        0  stm32f10x_tim.o(i.TIM_SetCompare1)
    i.TIM_SetCompare2                        0x08002c7a   Section        0  stm32f10x_tim.o(i.TIM_SetCompare2)
    i.TIM_SetCompare3                        0x08002c7e   Section        0  stm32f10x_tim.o(i.TIM_SetCompare3)
    i.TIM_SetCompare4                        0x08002c82   Section        0  stm32f10x_tim.o(i.TIM_SetCompare4)
    i.TIM_TimeBaseInit                       0x08002c88   Section        0  stm32f10x_tim.o(i.TIM_TimeBaseInit)
    i.USART1_IRQHandler                      0x08002d2c   Section        0  bluetooth.o(i.USART1_IRQHandler)
    i.USART3_IRQHandler                      0x08002d54   Section        0  bluetooth.o(i.USART3_IRQHandler)
    i.USART_Cmd                              0x08002d7c   Section        0  stm32f10x_usart.o(i.USART_Cmd)
    i.USART_GetFlagStatus                    0x08002d94   Section        0  stm32f10x_usart.o(i.USART_GetFlagStatus)
    i.USART_GetITStatus                      0x08002dae   Section        0  stm32f10x_usart.o(i.USART_GetITStatus)
    i.USART_ITConfig                         0x08002e02   Section        0  stm32f10x_usart.o(i.USART_ITConfig)
    i.USART_Init                             0x08002e4c   Section        0  stm32f10x_usart.o(i.USART_Init)
    i.USART_ReceiveData                      0x08002f24   Section        0  stm32f10x_usart.o(i.USART_ReceiveData)
    i.USART_SendData                         0x08002f2e   Section        0  stm32f10x_usart.o(i.USART_SendData)
    i.UsageFault_Handler                     0x08002f36   Section        0  stm32f10x_it.o(i.UsageFault_Handler)
    i.Watchdog_Feed                          0x08002f3a   Section        0  watchdog.o(i.Watchdog_Feed)
    i.Watchdog_Init                          0x08002f44   Section        0  watchdog.o(i.Watchdog_Init)
    i.Watchdog_WasReset                      0x08002f80   Section        0  watchdog.o(i.Watchdog_WasReset)
    i.main                                   0x08002f8c   Section        0  main.o(i.main)
    x$fpl$fadd                               0x08003044   Section      196  faddsub_clz.o(x$fpl$fadd)
    _fadd1                                   0x08003053   Thumb Code     0  faddsub_clz.o(x$fpl$fadd)
    x$fpl$fcmpinf                            0x08003108   Section       24  fcmpi.o(x$fpl$fcmpinf)
    x$fpl$fdiv                               0x08003120   Section      388  fdiv.o(x$fpl$fdiv)
    _fdiv1                                   0x08003121   Thumb Code     0  fdiv.o(x$fpl$fdiv)
    x$fpl$ffixu                              0x080032a4   Section       62  ffixu.o(x$fpl$ffixu)
    x$fpl$fflt                               0x080032e4   Section       48  fflt_clz.o(x$fpl$fflt)
    x$fpl$ffltu                              0x08003314   Section       38  fflt_clz.o(x$fpl$ffltu)
    x$fpl$fleqf                              0x0800333c   Section      104  fleqf.o(x$fpl$fleqf)
    x$fpl$fmul                               0x080033a4   Section      258  fmul.o(x$fpl$fmul)
    x$fpl$fnaninf                            0x080034a6   Section      140  fnaninf.o(x$fpl$fnaninf)
    x$fpl$fretinf                            0x08003532   Section       10  fretinf.o(x$fpl$fretinf)
    x$fpl$frleqf                             0x0800353c   Section       98  frleqf.o(x$fpl$frleqf)
    x$fpl$fsub                               0x080035a0   Section      234  faddsub_clz.o(x$fpl$fsub)
    _fsub1                                   0x080035af   Thumb Code     0  faddsub_clz.o(x$fpl$fsub)
    .constdata                               0x0800368a   Section      400  petaction.o(.constdata)
    x$fpl$usenofp                            0x0800368a   Section        0  usenofp.o(x$fpl$usenofp)
    pose_sleep                               0x0800368a   Data           8  petaction.o(.constdata)
    pose_sit                                 0x08003692   Data           8  petaction.o(.constdata)
    pose_stand                               0x0800369a   Data           8  petaction.o(.constdata)
    pose_down                                0x080036a2   Data           8  petaction.o(.constdata)
    move_forward                             0x080036aa   Data          64  petaction.o(.constdata)
    move_back                                0x080036ea   Data          64  petaction.o(.constdata)
    turn_left                                0x0800372a   Data          32  petaction.o(.constdata)
    turn_right                               0x0800374a   Data          32  petaction.o(.constdata)
    swing                                    0x0800376a   Data          32  petaction.o(.constdata)
    jump_forward                             0x0800378a   Data          24  petaction.o(.constdata)
    jump_back                                0x080037a2   Data          24  petaction.o(.constdata)
    hello                                    0x080037ba   Data          40  petaction.o(.constdata)
    stretch                                  0x080037e2   Data          24  petaction.o(.constdata)
    leg_stretch                              0x080037fa   Data          32  petaction.o(.constdata)
    .constdata                               0x0800381a   Section     9542  oled_data.o(.constdata)
    .data                                    0x20000000   Section       20  system_stm32f10x.o(.data)
    .data                                    0x20000014   Section       20  stm32f10x_rcc.o(.data)
    APBAHBPrescTable                         0x20000014   Data          16  stm32f10x_rcc.o(.data)
    ADCPrescTable                            0x20000024   Data           4  stm32f10x_rcc.o(.data)
    .data                                    0x20000028   Section       20  bluetooth.o(.data)
    protocol_errors                          0x20000028   Data           2  bluetooth.o(.data)
    state                                    0x2000002a   Data           2  bluetooth.o(.data)
    command                                  0x2000002c   Data           2  bluetooth.o(.data)
    length                                   0x2000002e   Data           2  bluetooth.o(.data)
    index                                    0x20000030   Data           2  bluetooth.o(.data)
    checksum                                 0x20000032   Data           2  bluetooth.o(.data)
    last_byte_ms                             0x20000034   Data           8  bluetooth.o(.data)
    .data                                    0x2000003c   Section       55  servo.o(.data)
    current_angle                            0x2000003c   Data          20  servo.o(.data)
    target_angle                             0x20000050   Data          20  servo.o(.data)
    min_angle                                0x20000064   Data           5  servo.o(.data)
    max_angle                                0x20000069   Data           5  servo.o(.data)
    angle_trim                               0x2000006e   Data           5  servo.o(.data)
    .data                                    0x20000074   Section       11  petaction.o(.data)
    frames                                   0x20000074   Data           4  petaction.o(.data)
    frame_count                              0x20000078   Data           1  petaction.o(.data)
    frame_index                              0x20000079   Data           1  petaction.o(.data)
    frame_elapsed                            0x2000007a   Data           2  petaction.o(.data)
    active_action                            0x2000007c   Data           1  petaction.o(.data)
    repeat_left                              0x2000007d   Data           1  petaction.o(.data)
    sustained_action                         0x2000007e   Data           1  petaction.o(.data)
    .data                                    0x20000080   Section        5  face_config.o(.data)
    last_face                                0x20000080   Data           2  face_config.o(.data)
    last_battery                             0x20000082   Data           2  face_config.o(.data)
    last_battery_bit                         0x20000084   Data           1  face_config.o(.data)
    .data                                    0x20000085   Section        2  powerdetection.o(.data)
    index                                    0x20000085   Data           1  powerdetection.o(.data)
    count                                    0x20000086   Data           1  powerdetection.o(.data)
    .data                                    0x20000088   Section       44  variable.o(.data)
    .data                                    0x200000b4   Section        4  scheduler.o(.data)
    system_ms                                0x200000b4   Data           4  scheduler.o(.data)
    .data                                    0x200000b8   Section        2  petstate.o(.data)
    tail_angle                               0x200000b8   Data           1  petstate.o(.data)
    tail_direction                           0x200000b9   Data           1  petstate.o(.data)
    .data                                    0x200000ba   Section        1  watchdog.o(.data)
    watchdog_reset                           0x200000ba   Data           1  watchdog.o(.data)
    .bss                                     0x200000bc   Section      168  bluetooth.o(.bss)
    voice_rx                                 0x200000bc   Data          68  bluetooth.o(.bss)
    bluetooth_rx                             0x20000100   Data          68  bluetooth.o(.bss)
    payload                                  0x20000144   Data          32  bluetooth.o(.bss)
    .bss                                     0x20000164   Section       20  servo.o(.bss)
    step_angle                               0x20000164   Data          20  servo.o(.bss)
    .bss                                     0x20000178   Section     1024  oled.o(.bss)
    .bss                                     0x20000578   Section       64  ad.o(.bss)
    adc_samples                              0x20000578   Data          64  ad.o(.bss)
    .bss                                     0x200005b8   Section       16  powerdetection.o(.bss)
    history                                  0x200005b8   Data          16  powerdetection.o(.bss)
    .bss                                     0x200005c8   Section       16  petstate.o(.bss)
    status                                   0x200005c8   Data          16  petstate.o(.bss)
    .bss                                     0x200005d8   Section       28  configstore.o(.bss)
    current_config                           0x200005d8   Data          28  configstore.o(.bss)
    .bss                                     0x200005f4   Section       96  libspace.o(.bss)
    HEAP                                     0x20000658   Section      512  startup_stm32f10x_md.o(HEAP)
    Heap_Mem                                 0x20000658   Data         512  startup_stm32f10x_md.o(HEAP)
    STACK                                    0x20000858   Section     1024  startup_stm32f10x_md.o(STACK)
    Stack_Mem                                0x20000858   Data        1024  startup_stm32f10x_md.o(STACK)
    __initial_sp                             0x20000c58   Data           0  startup_stm32f10x_md.o(STACK)

    Global Symbols

    Symbol Name                              Value     Ov Type        Size  Object(Section)

    BuildAttributes$$THM_ISAv4$P$D$K$B$S$PE$A:L22UL41UL21$X:L11$S22US41US21$IEEE1$IW$USESV6$~STKCKD$USESV7$~SHL$OTIME$ROPI$IEEEX$EBA8$UX$STANDARDLIB$REQ8$PRES8$EABIv2 0x00000000   Number         0  anon$$obj.o ABSOLUTE
    __ARM_use_no_argv                        0x00000000   Number         0  main.o ABSOLUTE
    _printf_flags                            0x00000000   Number         0  printf_stubs.o ABSOLUTE
    _printf_return_value                     0x00000000   Number         0  printf_stubs.o ABSOLUTE
    _printf_sizespec                         0x00000000   Number         0  printf_stubs.o ABSOLUTE
    _printf_widthprec                        0x00000000   Number         0  printf_stubs.o ABSOLUTE
    __ARM_exceptions_init                     - Undefined Weak Reference
    __alloca_initialize                       - Undefined Weak Reference
    __arm_preinit_                            - Undefined Weak Reference
    __cpp_initialize__aeabi_                  - Undefined Weak Reference
    __cxa_finalize                            - Undefined Weak Reference
    __sigvec_lookup                           - Undefined Weak Reference
    _atexit_init                              - Undefined Weak Reference
    _call_atexit_fns                          - Undefined Weak Reference
    _clock_init                               - Undefined Weak Reference
    _fp_trap_init                             - Undefined Weak Reference
    _fp_trap_shutdown                         - Undefined Weak Reference
    _get_lc_collate                           - Undefined Weak Reference
    _get_lc_monetary                          - Undefined Weak Reference
    _get_lc_time                              - Undefined Weak Reference
    _getenv_init                              - Undefined Weak Reference
    _handle_redirection                       - Undefined Weak Reference
    _init_alloc                               - Undefined Weak Reference
    _init_user_alloc                          - Undefined Weak Reference
    _initio                                   - Undefined Weak Reference
    _printf_mbtowc                            - Undefined Weak Reference
    _printf_wc                                - Undefined Weak Reference
    _rand_init                                - Undefined Weak Reference
    _signal_finish                            - Undefined Weak Reference
    _signal_init                              - Undefined Weak Reference
    _terminate_alloc                          - Undefined Weak Reference
    _terminate_user_alloc                     - Undefined Weak Reference
    _terminateio                              - Undefined Weak Reference
    __Vectors_Size                           0x000000ec   Number         0  startup_stm32f10x_md.o ABSOLUTE
    __Vectors                                0x08000000   Data           4  startup_stm32f10x_md.o(RESET)
    __Vectors_End                            0x080000ec   Data           0  startup_stm32f10x_md.o(RESET)
    __main                                   0x080000ed   Thumb Code     8  __main.o(!!!main)
    __scatterload                            0x080000f5   Thumb Code     0  __scatter.o(!!!scatter)
    __scatterload_rt2                        0x080000f5   Thumb Code    44  __scatter.o(!!!scatter)
    __scatterload_rt2_thumb_only             0x080000f5   Thumb Code     0  __scatter.o(!!!scatter)
    __scatterload_null                       0x08000103   Thumb Code     0  __scatter.o(!!!scatter)
    __scatterload_copy                       0x08000129   Thumb Code    26  __scatter_copy.o(!!handler_copy)
    __scatterload_zeroinit                   0x08000145   Thumb Code    28  __scatter_zi.o(!!handler_zi)
    __rt_lib_init                            0x08000161   Thumb Code     0  libinit.o(.ARM.Collect$$libinit$$00000000)
    __rt_lib_init_alloca_1                   0x08000163   Thumb Code     0  libinit2.o(.ARM.Collect$$libinit$$0000002E)
    __rt_lib_init_argv_1                     0x08000163   Thumb Code     0  libinit2.o(.ARM.Collect$$libinit$$0000002C)
    __rt_lib_init_atexit_1                   0x08000163   Thumb Code     0  libinit2.o(.ARM.Collect$$libinit$$0000001B)
    __rt_lib_init_clock_1                    0x08000163   Thumb Code     0  libinit2.o(.ARM.Collect$$libinit$$00000021)
    __rt_lib_init_cpp_1                      0x08000163   Thumb Code     0  libinit2.o(.ARM.Collect$$libinit$$00000032)
    __rt_lib_init_exceptions_1               0x08000163   Thumb Code     0  libinit2.o(.ARM.Collect$$libinit$$00000030)
    __rt_lib_init_fp_1                       0x08000163   Thumb Code     0  libinit2.o(.ARM.Collect$$libinit$$00000002)
    __rt_lib_init_fp_trap_1                  0x08000163   Thumb Code     0  libinit2.o(.ARM.Collect$$libinit$$0000001F)
    __rt_lib_init_getenv_1                   0x08000163   Thumb Code     0  libinit2.o(.ARM.Collect$$libinit$$00000023)
    __rt_lib_init_heap_1                     0x08000163   Thumb Code     0  libinit2.o(.ARM.Collect$$libinit$$0000000A)
    __rt_lib_init_lc_collate_1               0x08000163   Thumb Code     0  libinit2.o(.ARM.Collect$$libinit$$00000011)
    __rt_lib_init_lc_ctype_1                 0x08000163   Thumb Code     0  libinit2.o(.ARM.Collect$$libinit$$00000013)
    __rt_lib_init_lc_monetary_1              0x08000163   Thumb Code     0  libinit2.o(.ARM.Collect$$libinit$$00000015)
    __rt_lib_init_lc_numeric_1               0x08000163   Thumb Code     0  libinit2.o(.ARM.Collect$$libinit$$00000017)
    __rt_lib_init_lc_time_1                  0x08000163   Thumb Code     0  libinit2.o(.ARM.Collect$$libinit$$00000019)
    __rt_lib_init_preinit_1                  0x08000163   Thumb Code     0  libinit2.o(.ARM.Collect$$libinit$$00000004)
    __rt_lib_init_rand_1                     0x08000163   Thumb Code     0  libinit2.o(.ARM.Collect$$libinit$$0000000E)
    __rt_lib_init_return                     0x08000163   Thumb Code     0  libinit2.o(.ARM.Collect$$libinit$$00000033)
    __rt_lib_init_signal_1                   0x08000163   Thumb Code     0  libinit2.o(.ARM.Collect$$libinit$$0000001D)
    __rt_lib_init_stdio_1                    0x08000163   Thumb Code     0  libinit2.o(.ARM.Collect$$libinit$$00000025)
    __rt_lib_init_user_alloc_1               0x08000163   Thumb Code     0  libinit2.o(.ARM.Collect$$libinit$$0000000C)
    __rt_lib_shutdown                        0x08000165   Thumb Code     0  libshutdown.o(.ARM.Collect$$libshutdown$$00000000)
    __rt_lib_shutdown_cpp_1                  0x08000167   Thumb Code     0  libshutdown2.o(.ARM.Collect$$libshutdown$$00000002)
    __rt_lib_shutdown_fp_trap_1              0x08000167   Thumb Code     0  libshutdown2.o(.ARM.Collect$$libshutdown$$00000007)
    __rt_lib_shutdown_heap_1                 0x08000167   Thumb Code     0  libshutdown2.o(.ARM.Collect$$libshutdown$$0000000F)
    __rt_lib_shutdown_return                 0x08000167   Thumb Code     0  libshutdown2.o(.ARM.Collect$$libshutdown$$00000010)
    __rt_lib_shutdown_signal_1               0x08000167   Thumb Code     0  libshutdown2.o(.ARM.Collect$$libshutdown$$0000000A)
    __rt_lib_shutdown_stdio_1                0x08000167   Thumb Code     0  libshutdown2.o(.ARM.Collect$$libshutdown$$00000004)
    __rt_lib_shutdown_user_alloc_1           0x08000167   Thumb Code     0  libshutdown2.o(.ARM.Collect$$libshutdown$$0000000C)
    __rt_entry                               0x08000169   Thumb Code     0  __rtentry.o(.ARM.Collect$$rtentry$$00000000)
    __rt_entry_presh_1                       0x08000169   Thumb Code     0  __rtentry2.o(.ARM.Collect$$rtentry$$00000002)
    __rt_entry_sh                            0x08000169   Thumb Code     0  __rtentry4.o(.ARM.Collect$$rtentry$$00000004)
    __rt_entry_li                            0x0800016f   Thumb Code     0  __rtentry2.o(.ARM.Collect$$rtentry$$0000000A)
    __rt_entry_postsh_1                      0x0800016f   Thumb Code     0  __rtentry2.o(.ARM.Collect$$rtentry$$00000009)
    __rt_entry_main                          0x08000173   Thumb Code     0  __rtentry2.o(.ARM.Collect$$rtentry$$0000000D)
    __rt_entry_postli_1                      0x08000173   Thumb Code     0  __rtentry2.o(.ARM.Collect$$rtentry$$0000000C)
    __rt_exit                                0x0800017b   Thumb Code     0  rtexit.o(.ARM.Collect$$rtexit$$00000000)
    __rt_exit_ls                             0x0800017d   Thumb Code     0  rtexit2.o(.ARM.Collect$$rtexit$$00000003)
    __rt_exit_prels_1                        0x0800017d   Thumb Code     0  rtexit2.o(.ARM.Collect$$rtexit$$00000002)
    __rt_exit_exit                           0x08000181   Thumb Code     0  rtexit2.o(.ARM.Collect$$rtexit$$00000004)
    Reset_Handler                            0x08000189   Thumb Code     8  startup_stm32f10x_md.o(.text)
    ADC1_2_IRQHandler                        0x080001a3   Thumb Code     0  startup_stm32f10x_md.o(.text)
    CAN1_RX1_IRQHandler                      0x080001a3   Thumb Code     0  startup_stm32f10x_md.o(.text)
    CAN1_SCE_IRQHandler                      0x080001a3   Thumb Code     0  startup_stm32f10x_md.o(.text)
    DMA1_Channel1_IRQHandler                 0x080001a3   Thumb Code     0  startup_stm32f10x_md.o(.text)
    DMA1_Channel2_IRQHandler                 0x080001a3   Thumb Code     0  startup_stm32f10x_md.o(.text)
    DMA1_Channel3_IRQHandler                 0x080001a3   Thumb Code     0  startup_stm32f10x_md.o(.text)
    DMA1_Channel4_IRQHandler                 0x080001a3   Thumb Code     0  startup_stm32f10x_md.o(.text)
    DMA1_Channel5_IRQHandler                 0x080001a3   Thumb Code     0  startup_stm32f10x_md.o(.text)
    DMA1_Channel6_IRQHandler                 0x080001a3   Thumb Code     0  startup_stm32f10x_md.o(.text)
    DMA1_Channel7_IRQHandler                 0x080001a3   Thumb Code     0  startup_stm32f10x_md.o(.text)
    EXTI0_IRQHandler                         0x080001a3   Thumb Code     0  startup_stm32f10x_md.o(.text)
    EXTI15_10_IRQHandler                     0x080001a3   Thumb Code     0  startup_stm32f10x_md.o(.text)
    EXTI1_IRQHandler                         0x080001a3   Thumb Code     0  startup_stm32f10x_md.o(.text)
    EXTI2_IRQHandler                         0x080001a3   Thumb Code     0  startup_stm32f10x_md.o(.text)
    EXTI3_IRQHandler                         0x080001a3   Thumb Code     0  startup_stm32f10x_md.o(.text)
    EXTI4_IRQHandler                         0x080001a3   Thumb Code     0  startup_stm32f10x_md.o(.text)
    EXTI9_5_IRQHandler                       0x080001a3   Thumb Code     0  startup_stm32f10x_md.o(.text)
    FLASH_IRQHandler                         0x080001a3   Thumb Code     0  startup_stm32f10x_md.o(.text)
    I2C1_ER_IRQHandler                       0x080001a3   Thumb Code     0  startup_stm32f10x_md.o(.text)
    I2C1_EV_IRQHandler                       0x080001a3   Thumb Code     0  startup_stm32f10x_md.o(.text)
    I2C2_ER_IRQHandler                       0x080001a3   Thumb Code     0  startup_stm32f10x_md.o(.text)
    I2C2_EV_IRQHandler                       0x080001a3   Thumb Code     0  startup_stm32f10x_md.o(.text)
    PVD_IRQHandler                           0x080001a3   Thumb Code     0  startup_stm32f10x_md.o(.text)
    RCC_IRQHandler                           0x080001a3   Thumb Code     0  startup_stm32f10x_md.o(.text)
    RTCAlarm_IRQHandler                      0x080001a3   Thumb Code     0  startup_stm32f10x_md.o(.text)
    RTC_IRQHandler                           0x080001a3   Thumb Code     0  startup_stm32f10x_md.o(.text)
    SPI1_IRQHandler                          0x080001a3   Thumb Code     0  startup_stm32f10x_md.o(.text)
    SPI2_IRQHandler                          0x080001a3   Thumb Code     0  startup_stm32f10x_md.o(.text)
    TAMPER_IRQHandler                        0x080001a3   Thumb Code     0  startup_stm32f10x_md.o(.text)
    TIM1_BRK_IRQHandler                      0x080001a3   Thumb Code     0  startup_stm32f10x_md.o(.text)
    TIM1_CC_IRQHandler                       0x080001a3   Thumb Code     0  startup_stm32f10x_md.o(.text)
    TIM1_TRG_COM_IRQHandler                  0x080001a3   Thumb Code     0  startup_stm32f10x_md.o(.text)
    TIM1_UP_IRQHandler                       0x080001a3   Thumb Code     0  startup_stm32f10x_md.o(.text)
    TIM2_IRQHandler                          0x080001a3   Thumb Code     0  startup_stm32f10x_md.o(.text)
    TIM3_IRQHandler                          0x080001a3   Thumb Code     0  startup_stm32f10x_md.o(.text)
    TIM4_IRQHandler                          0x080001a3   Thumb Code     0  startup_stm32f10x_md.o(.text)
    USART2_IRQHandler                        0x080001a3   Thumb Code     0  startup_stm32f10x_md.o(.text)
    USBWakeUp_IRQHandler                     0x080001a3   Thumb Code     0  startup_stm32f10x_md.o(.text)
    USB_HP_CAN1_TX_IRQHandler                0x080001a3   Thumb Code     0  startup_stm32f10x_md.o(.text)
    USB_LP_CAN1_RX0_IRQHandler               0x080001a3   Thumb Code     0  startup_stm32f10x_md.o(.text)
    WWDG_IRQHandler                          0x080001a3   Thumb Code     0  startup_stm32f10x_md.o(.text)
    __user_initial_stackheap                 0x080001a5   Thumb Code     0  startup_stm32f10x_md.o(.text)
    __aeabi_memcpy                           0x080001c9   Thumb Code     0  rt_memcpy_v6.o(.text)
    __rt_memcpy                              0x080001c9   Thumb Code   138  rt_memcpy_v6.o(.text)
    _memcpy_lastbytes                        0x0800022f   Thumb Code     0  rt_memcpy_v6.o(.text)
    __use_two_region_memory                  0x08000253   Thumb Code     2  heapauxi.o(.text)
    __rt_heap_escrow$2region                 0x08000255   Thumb Code     2  heapauxi.o(.text)
    __rt_heap_expand$2region                 0x08000257   Thumb Code     2  heapauxi.o(.text)
    __aeabi_memcpy4                          0x08000259   Thumb Code     0  rt_memcpy_w.o(.text)
    __aeabi_memcpy8                          0x08000259   Thumb Code     0  rt_memcpy_w.o(.text)
    __rt_memcpy_w                            0x08000259   Thumb Code   100  rt_memcpy_w.o(.text)
    _memcpy_lastbytes_aligned                0x080002a1   Thumb Code     0  rt_memcpy_w.o(.text)
    __user_libspace                          0x080002bd   Thumb Code     8  libspace.o(.text)
    __user_perproc_libspace                  0x080002bd   Thumb Code     0  libspace.o(.text)
    __user_perthread_libspace                0x080002bd   Thumb Code     0  libspace.o(.text)
    __user_setup_stackheap                   0x080002c5   Thumb Code    74  sys_stackheap_outer.o(.text)
    exit                                     0x0800030f   Thumb Code    18  exit.o(.text)
    _sys_exit                                0x08000321   Thumb Code     8  sys_exit.o(.text)
    __I$use$semihosting                      0x0800032d   Thumb Code     0  use_no_semi.o(.text)
    __use_no_semihosting_swi                 0x0800032d   Thumb Code     2  use_no_semi.o(.text)
    ADC_Cmd                                  0x0800032f   Thumb Code    22  stm32f10x_adc.o(i.ADC_Cmd)
    __semihosting_library_function           0x0800032f   Thumb Code     0  indicate_semi.o(.text)
    ADC_DMACmd                               0x08000345   Thumb Code    22  stm32f10x_adc.o(i.ADC_DMACmd)
    ADC_ExternalTrigConvCmd                  0x0800035b   Thumb Code    22  stm32f10x_adc.o(i.ADC_ExternalTrigConvCmd)
    ADC_GetCalibrationStatus                 0x08000371   Thumb Code    20  stm32f10x_adc.o(i.ADC_GetCalibrationStatus)
    ADC_GetResetCalibrationStatus            0x08000385   Thumb Code    20  stm32f10x_adc.o(i.ADC_GetResetCalibrationStatus)
    ADC_Init                                 0x08000399   Thumb Code    70  stm32f10x_adc.o(i.ADC_Init)
    ADC_RegularChannelConfig                 0x080003e9   Thumb Code   184  stm32f10x_adc.o(i.ADC_RegularChannelConfig)
    ADC_ResetCalibration                     0x080004a1   Thumb Code    10  stm32f10x_adc.o(i.ADC_ResetCalibration)
    ADC_StartCalibration                     0x080004ab   Thumb Code    10  stm32f10x_adc.o(i.ADC_StartCalibration)
    AD_GetAverage                            0x080004b5   Thumb Code    28  ad.o(i.AD_GetAverage)
    AD_Init                                  0x080004d5   Thumb Code   252  ad.o(i.AD_Init)
    BlueTooth_Init                           0x08000645   Thumb Code   252  bluetooth.o(i.BlueTooth_Init)
    BlueTooth_SendStatus                     0x08000751   Thumb Code   106  bluetooth.o(i.BlueTooth_SendStatus)
    BlueTooth_Task                           0x080007c9   Thumb Code    20  bluetooth.o(i.BlueTooth_Task)
    BusFault_Handler                         0x08000853   Thumb Code     4  stm32f10x_it.o(i.BusFault_Handler)
    CRC_CalcCRC                              0x08000859   Thumb Code    10  stm32f10x_crc.o(i.CRC_CalcCRC)
    CRC_GetCRC                               0x08000869   Thumb Code     6  stm32f10x_crc.o(i.CRC_GetCRC)
    CRC_ResetDR                              0x08000875   Thumb Code     8  stm32f10x_crc.o(i.CRC_ResetDR)
    ConfigStore_Get                          0x080008bd   Thumb Code     4  configstore.o(i.ConfigStore_Get)
    ConfigStore_Load                         0x080008c5   Thumb Code   152  configstore.o(i.ConfigStore_Load)
    ConfigStore_Save                         0x08000969   Thumb Code   176  configstore.o(i.ConfigStore_Save)
    DMA_Cmd                                  0x08000a39   Thumb Code    24  stm32f10x_dma.o(i.DMA_Cmd)
    DMA_DeInit                               0x08000a51   Thumb Code   324  stm32f10x_dma.o(i.DMA_DeInit)
    DMA_Init                                 0x08000b9d   Thumb Code    60  stm32f10x_dma.o(i.DMA_Init)
    DebugMon_Handler                         0x08000bd9   Thumb Code     2  stm32f10x_it.o(i.DebugMon_Handler)
    FLASH_ErasePage                          0x08000cbd   Thumb Code    72  stm32f10x_flash.o(i.FLASH_ErasePage)
    FLASH_GetBank1Status                     0x08000d09   Thumb Code    48  stm32f10x_flash.o(i.FLASH_GetBank1Status)
    FLASH_Lock                               0x08000d3d   Thumb Code    14  stm32f10x_flash.o(i.FLASH_Lock)
    FLASH_ProgramHalfWord                    0x08000d51   Thumb Code    60  stm32f10x_flash.o(i.FLASH_ProgramHalfWord)
    FLASH_Unlock                             0x08000d91   Thumb Code    12  stm32f10x_flash.o(i.FLASH_Unlock)
    FLASH_WaitForLastOperation               0x08000da9   Thumb Code    38  stm32f10x_flash.o(i.FLASH_WaitForLastOperation)
    Face_Config                              0x08000dd1   Thumb Code   334  face_config.o(i.Face_Config)
    GPIO_Init                                0x08000fa1   Thumb Code   278  stm32f10x_gpio.o(i.GPIO_Init)
    GPIO_WriteBit                            0x080010b7   Thumb Code    10  stm32f10x_gpio.o(i.GPIO_WriteBit)
    GetBattery                               0x080010c1   Thumb Code    88  powerdetection.o(i.GetBattery)
    GetBattery_Init                          0x08001131   Thumb Code     8  powerdetection.o(i.GetBattery_Init)
    GetCur_Power                             0x08001139   Thumb Code    96  powerdetection.o(i.GetCur_Power)
    HardFault_Handler                        0x080011a9   Thumb Code     4  stm32f10x_it.o(i.HardFault_Handler)
    IWDG_Enable                              0x080011ad   Thumb Code    10  stm32f10x_iwdg.o(i.IWDG_Enable)
    IWDG_ReloadCounter                       0x080011bd   Thumb Code    10  stm32f10x_iwdg.o(i.IWDG_ReloadCounter)
    IWDG_SetPrescaler                        0x080011cd   Thumb Code     6  stm32f10x_iwdg.o(i.IWDG_SetPrescaler)
    IWDG_SetReload                           0x080011d9   Thumb Code     6  stm32f10x_iwdg.o(i.IWDG_SetReload)
    IWDG_WriteAccessCmd                      0x080011e5   Thumb Code     6  stm32f10x_iwdg.o(i.IWDG_WriteAccessCmd)
    LED_Breathing                            0x08001209   Thumb Code   218  led_breathing.o(i.LED_Breathing)
    MemManage_Handler                        0x080012f9   Thumb Code     4  stm32f10x_it.o(i.MemManage_Handler)
    NMI_Handler                              0x080012fd   Thumb Code     2  stm32f10x_it.o(i.NMI_Handler)
    NVIC_Init                                0x08001301   Thumb Code   100  misc.o(i.NVIC_Init)
    NVIC_PriorityGroupConfig                 0x08001371   Thumb Code    10  misc.o(i.NVIC_PriorityGroupConfig)
    OLED_Clear                               0x08001385   Thumb Code    36  oled.o(i.OLED_Clear)
    OLED_ClearArea                           0x080013ad   Thumb Code   140  oled.o(i.OLED_ClearArea)
    OLED_GPIO_Init                           0x0800143d   Thumb Code    92  oled.o(i.OLED_GPIO_Init)
    OLED_I2C_SendByte                        0x0800149d   Thumb Code    62  oled.o(i.OLED_I2C_SendByte)
    OLED_I2C_Start                           0x080014db   Thumb Code    28  oled.o(i.OLED_I2C_Start)
    OLED_I2C_Stop                            0x080014f7   Thumb Code    22  oled.o(i.OLED_I2C_Stop)
    OLED_Init                                0x0800150d   Thumb Code   154  oled.o(i.OLED_Init)
    OLED_Pow                                 0x080015a7   Thumb Code    20  oled.o(i.OLED_Pow)
    OLED_SetCursor                           0x080015bb   Thumb Code    38  oled.o(i.OLED_SetCursor)
    OLED_ShowChar                            0x080015e1   Thumb Code    74  oled.o(i.OLED_ShowChar)
    OLED_ShowImage                           0x08001635   Thumb Code   248  oled.o(i.OLED_ShowImage)
    OLED_ShowNum                             0x08001731   Thumb Code    76  oled.o(i.OLED_ShowNum)
    OLED_ShowString                          0x0800177d   Thumb Code    46  oled.o(i.OLED_ShowString)
    OLED_Update                              0x080017ad   Thumb Code    36  oled.o(i.OLED_Update)
    OLED_W_SCL                               0x080017d5   Thumb Code    18  oled.o(i.OLED_W_SCL)
    OLED_W_SDA                               0x080017ed   Thumb Code    18  oled.o(i.OLED_W_SDA)
    OLED_WriteCommand                        0x08001805   Thumb Code    32  oled.o(i.OLED_WriteCommand)
    OLED_WriteData                           0x08001825   Thumb Code    46  oled.o(i.OLED_WriteData)
    PWM_Init                                 0x08001855   Thumb Code   270  pwm.o(i.PWM_Init)
    PWM_LED1                                 0x08001971   Thumb Code    14  pwm.o(i.PWM_LED1)
    PWM_LED2                                 0x08001985   Thumb Code    14  pwm.o(i.PWM_LED2)
    PWM_SetCompare1                          0x08001999   Thumb Code    16  pwm.o(i.PWM_SetCompare1)
    PWM_SetCompare2                          0x080019a9   Thumb Code    16  pwm.o(i.PWM_SetCompare2)
    PWM_SetCompare3                          0x080019b9   Thumb Code    16  pwm.o(i.PWM_SetCompare3)
    PWM_SetCompare4                          0x080019c9   Thumb Code    16  pwm.o(i.PWM_SetCompare4)
    PWM_WSetCompare                          0x080019d9   Thumb Code    14  pwm.o(i.PWM_WSetCompare)
    PendSV_Handler                           0x08001ba1   Thumb Code     2  stm32f10x_it.o(i.PendSV_Handler)
    PetAction_Init                           0x08001ba5   Thumb Code    18  petaction.o(i.PetAction_Init)
    PetAction_IsBusy                         0x08001bbd   Thumb Code    24  petaction.o(i.PetAction_IsBusy)
    PetAction_Request                        0x08001bd9   Thumb Code    68  petaction.o(i.PetAction_Request)
    PetAction_Stop                           0x08001c39   Thumb Code    12  petaction.o(i.PetAction_Stop)
    PetAction_Task20ms                       0x08001c45   Thumb Code   162  petaction.o(i.PetAction_Task20ms)
    PetState_Command                         0x08001d05   Thumb Code   436  petstate.o(i.PetState_Command)
    PetState_Get                             0x08001ed9   Thumb Code     4  petstate.o(i.PetState_Get)
    PetState_Init                            0x08001ee1   Thumb Code    42  petstate.o(i.PetState_Init)
    PetState_Task100ms                       0x08001f11   Thumb Code   138  petstate.o(i.PetState_Task100ms)
    PetState_Task1s                          0x08001fad   Thumb Code   280  petstate.o(i.PetState_Task1s)
    RCC_ADCCLKConfig                         0x080020e5   Thumb Code    18  stm32f10x_rcc.o(i.RCC_ADCCLKConfig)
    RCC_AHBPeriphClockCmd                    0x080020fd   Thumb Code    26  stm32f10x_rcc.o(i.RCC_AHBPeriphClockCmd)
    RCC_APB1PeriphClockCmd                   0x0800211d   Thumb Code    26  stm32f10x_rcc.o(i.RCC_APB1PeriphClockCmd)
    RCC_APB2PeriphClockCmd                   0x0800213d   Thumb Code    26  stm32f10x_rcc.o(i.RCC_APB2PeriphClockCmd)
    RCC_ClearFlag                            0x0800215d   Thumb Code    14  stm32f10x_rcc.o(i.RCC_ClearFlag)
    RCC_GetClocksFreq                        0x08002171   Thumb Code   192  stm32f10x_rcc.o(i.RCC_GetClocksFreq)
    RCC_GetFlagStatus                        0x08002245   Thumb Code    56  stm32f10x_rcc.o(i.RCC_GetFlagStatus)
    SVC_Handler                              0x08002281   Thumb Code     2  stm32f10x_it.o(i.SVC_Handler)
    Scheduler_Elapsed                        0x08002283   Thumb Code    28  scheduler.o(i.Scheduler_Elapsed)
    Scheduler_Init                           0x080022a1   Thumb Code    84  scheduler.o(i.Scheduler_Init)
    Scheduler_Millis                         0x08002301   Thumb Code     6  scheduler.o(i.Scheduler_Millis)
    Servo_GetCalibration                     0x08002515   Thumb Code    30  servo.o(i.Servo_GetCalibration)
    Servo_GetTarget                          0x08002541   Thumb Code    26  servo.o(i.Servo_GetTarget)
    Servo_Init                               0x08002561   Thumb Code    32  servo.o(i.Servo_Init)
    Servo_SetCalibration                     0x08002585   Thumb Code    42  servo.o(i.Servo_SetCalibration)
    Servo_SetTarget                          0x080025bd   Thumb Code    90  servo.o(i.Servo_SetTarget)
    Servo_SetTargets                         0x08002625   Thumb Code    92  servo.o(i.Servo_SetTargets)
    Servo_Task20ms                           0x0800268d   Thumb Code   138  servo.o(i.Servo_Task20ms)
    SysTick_Handler                          0x08002965   Thumb Code    12  scheduler.o(i.SysTick_Handler)
    SystemInit                               0x08002975   Thumb Code    78  system_stm32f10x.o(i.SystemInit)
    TIM_Cmd                                  0x080029d5   Thumb Code    24  stm32f10x_tim.o(i.TIM_Cmd)
    TIM_InternalClockConfig                  0x080029ed   Thumb Code    12  stm32f10x_tim.o(i.TIM_InternalClockConfig)
    TIM_OC1Init                              0x080029f9   Thumb Code   132  stm32f10x_tim.o(i.TIM_OC1Init)
    TIM_OC2Init                              0x08002a91   Thumb Code   154  stm32f10x_tim.o(i.TIM_OC2Init)
    TIM_OC3Init                              0x08002b35   Thumb Code   150  stm32f10x_tim.o(i.TIM_OC3Init)
    TIM_OC4Init                              0x08002bd5   Thumb Code   114  stm32f10x_tim.o(i.TIM_OC4Init)
    TIM_OCStructInit                         0x08002c51   Thumb Code    20  stm32f10x_tim.o(i.TIM_OCStructInit)
    TIM_SelectOutputTrigger                  0x08002c65   Thumb Code    18  stm32f10x_tim.o(i.TIM_SelectOutputTrigger)
    TIM_SetCompare1                          0x08002c77   Thumb Code     4  stm32f10x_tim.o(i.TIM_SetCompare1)
    TIM_SetCompare2                          0x08002c7b   Thumb Code     4  stm32f10x_tim.o(i.TIM_SetCompare2)
    TIM_SetCompare3                          0x08002c7f   Thumb Code     4  stm32f10x_tim.o(i.TIM_SetCompare3)
    TIM_SetCompare4                          0x08002c83   Thumb Code     6  stm32f10x_tim.o(i.TIM_SetCompare4)
    TIM_TimeBaseInit                         0x08002c89   Thumb Code   122  stm32f10x_tim.o(i.TIM_TimeBaseInit)
    USART1_IRQHandler                        0x08002d2d   Thumb Code    32  bluetooth.o(i.USART1_IRQHandler)
    USART3_IRQHandler                        0x08002d55   Thumb Code    32  bluetooth.o(i.USART3_IRQHandler)
    USART_Cmd                                0x08002d7d   Thumb Code    24  stm32f10x_usart.o(i.USART_Cmd)
    USART_GetFlagStatus                      0x08002d95   Thumb Code    26  stm32f10x_usart.o(i.USART_GetFlagStatus)
    USART_GetITStatus                        0x08002daf   Thumb Code    84  stm32f10x_usart.o(i.USART_GetITStatus)
    USART_ITConfig                           0x08002e03   Thumb Code    74  stm32f10x_usart.o(i.USART_ITConfig)
    USART_Init                               0x08002e4d   Thumb Code   210  stm32f10x_usart.o(i.USART_Init)
    USART_ReceiveData                        0x08002f25   Thumb Code    10  stm32f10x_usart.o(i.USART_ReceiveData)
    USART_SendData                           0x08002f2f   Thumb Code     8  stm32f10x_usart.o(i.USART_SendData)
    UsageFault_Handler                       0x08002f37   Thumb Code     4  stm32f10x_it.o(i.UsageFault_Handler)
    Watchdog_Feed                            0x08002f3b   Thumb Code     8  watchdog.o(i.Watchdog_Feed)
    Watchdog_Init                            0x08002f45   Thumb Code    56  watchdog.o(i.Watchdog_Init)
    Watchdog_WasReset                        0x08002f81   Thumb Code     6  watchdog.o(i.Watchdog_WasReset)
    main                                     0x08002f8d   Thumb Code   182  main.o(i.main)
    __aeabi_fadd                             0x08003045   Thumb Code     0  faddsub_clz.o(x$fpl$fadd)
    _fadd                                    0x08003045   Thumb Code   196  faddsub_clz.o(x$fpl$fadd)
    __fpl_fcmp_Inf                           0x08003109   Thumb Code    24  fcmpi.o(x$fpl$fcmpinf)
    __aeabi_fdiv                             0x08003121   Thumb Code     0  fdiv.o(x$fpl$fdiv)
    _fdiv                                    0x08003121   Thumb Code   384  fdiv.o(x$fpl$fdiv)
    __aeabi_f2uiz                            0x080032a5   Thumb Code     0  ffixu.o(x$fpl$ffixu)
    _ffixu                                   0x080032a5   Thumb Code    62  ffixu.o(x$fpl$ffixu)
    __aeabi_i2f                              0x080032e5   Thumb Code     0  fflt_clz.o(x$fpl$fflt)
    _fflt                                    0x080032e5   Thumb Code    48  fflt_clz.o(x$fpl$fflt)
    __aeabi_ui2f                             0x08003315   Thumb Code     0  fflt_clz.o(x$fpl$ffltu)
    _ffltu                                   0x08003315   Thumb Code    38  fflt_clz.o(x$fpl$ffltu)
    __aeabi_cfcmple                          0x0800333d   Thumb Code     0  fleqf.o(x$fpl$fleqf)
    _fcmple                                  0x0800333d   Thumb Code   104  fleqf.o(x$fpl$fleqf)
    __fpl_fcmple_InfNaN                      0x0800338f   Thumb Code     0  fleqf.o(x$fpl$fleqf)
    __aeabi_fmul                             0x080033a5   Thumb Code     0  fmul.o(x$fpl$fmul)
    _fmul                                    0x080033a5   Thumb Code   258  fmul.o(x$fpl$fmul)
    __fpl_fnaninf                            0x080034a7   Thumb Code   140  fnaninf.o(x$fpl$fnaninf)
    __fpl_fretinf                            0x08003533   Thumb Code    10  fretinf.o(x$fpl$fretinf)
    __aeabi_cfrcmple                         0x0800353d   Thumb Code     0  frleqf.o(x$fpl$frleqf)
    _frcmple                                 0x0800353d   Thumb Code    98  frleqf.o(x$fpl$frleqf)
    __aeabi_fsub                             0x080035a1   Thumb Code     0  faddsub_clz.o(x$fpl$fsub)
    _fsub                                    0x080035a1   Thumb Code   234  faddsub_clz.o(x$fpl$fsub)
    __I$use$fp                               0x0800368a   Number         0  usenofp.o(x$fpl$usenofp)
    OLED_F8x16                               0x0800381a   Data        1520  oled_data.o(.constdata)
    OLED_F6x8                                0x08003e0a   Data         570  oled_data.o(.constdata)
    OLED_CF16x16                             0x08004044   Data         252  oled_data.o(.constdata)
    Diode                                    0x08004140   Data          32  oled_data.o(.constdata)
    Face_hello                               0x08004160   Data        1024  oled_data.o(.constdata)
    Face_eyes                                0x08004560   Data        1024  oled_data.o(.constdata)
    Face_happy                               0x08004960   Data        1024  oled_data.o(.constdata)
    Face_mania                               0x08004d60   Data        1024  oled_data.o(.constdata)
    Face_sleep                               0x08005160   Data        1024  oled_data.o(.constdata)
    Face_stare                               0x08005560   Data        1024  oled_data.o(.constdata)
    Face_very_happy                          0x08005960   Data        1024  oled_data.o(.constdata)
    Region$$Table$$Base                      0x08005d60   Number         0  anon$$obj.o(Region$$Table)
    Region$$Table$$Limit                     0x08005d80   Number         0  anon$$obj.o(Region$$Table)
    SystemCoreClock                          0x20000000   Data           4  system_stm32f10x.o(.data)
    AHBPrescTable                            0x20000004   Data          16  system_stm32f10x.o(.data)
    PAnumbers                                0x20000088   Data           2  variable.o(.data)
    TiaoTurn                                 0x2000008a   Data           2  variable.o(.data)
    TiaoTurn2                                0x2000008c   Data           2  variable.o(.data)
    Action_Mode                              0x2000008e   Data           2  variable.o(.data)
    SpeedDelay                               0x20000090   Data           2  variable.o(.data)
    SwingDelay                               0x20000092   Data           2  variable.o(.data)
    Face_Mode                                0x20000094   Data           2  variable.o(.data)
    WeiBa_Bit                                0x20000096   Data           1  variable.o(.data)
    WeiBa_Value                              0x20000097   Data           1  variable.o(.data)
    WeiBa_Dir                                0x20000098   Data           1  variable.o(.data)
    Sustainedmove                            0x2000009a   Data           2  variable.o(.data)
    Time                                     0x2000009c   Data           2  variable.o(.data)
    HuXi                                     0x2000009e   Data           2  variable.o(.data)
    PanDuan                                  0x200000a0   Data           2  variable.o(.data)
    Wait                                     0x200000a2   Data           2  variable.o(.data)
    AllLed                                   0x200000a4   Data           2  variable.o(.data)
    BreatheLed                               0x200000a6   Data           2  variable.o(.data)
    Battery_Value                            0x200000a8   Data           4  variable.o(.data)
    temp                                     0x200000ac   Data           2  variable.o(.data)
    temp1                                    0x200000ae   Data           2  variable.o(.data)
    CurBattery                               0x200000b0   Data           2  variable.o(.data)
    Battery_num                              0x200000b2   Data           1  variable.o(.data)
    Battery_Bit                              0x200000b3   Data           1  variable.o(.data)
    OLED_DisplayBuf                          0x20000178   Data        1024  oled.o(.bss)
    __libspace_start                         0x200005f4   Data          96  libspace.o(.bss)
    __temporary_stack_top$libspace           0x20000654   Data           0  libspace.o(.bss)



==============================================================================

Memory Map of the image

  Image Entry point : 0x080000ed

  Load Region LR_IROM1 (Base: 0x08000000, Size: 0x00005e3c, Max: 0x00010000, ABSOLUTE)

    Execution Region ER_IROM1 (Exec base: 0x08000000, Load base: 0x08000000, Size: 0x00005d80, Max: 0x00010000, ABSOLUTE)

    Exec Addr    Load Addr    Size         Type   Attr      Idx    E Section Name        Object

    0x08000000   0x08000000   0x000000ec   Data   RO           19    RESET               startup_stm32f10x_md.o
    0x080000ec   0x080000ec   0x00000008   Code   RO         4143  * !!!main             c_w.l(__main.o)
    0x080000f4   0x080000f4   0x00000034   Code   RO         4588    !!!scatter          c_w.l(__scatter.o)
    0x08000128   0x08000128   0x0000001a   Code   RO         4590    !!handler_copy      c_w.l(__scatter_copy.o)
    0x08000142   0x08000142   0x00000002   PAD
    0x08000144   0x08000144   0x0000001c   Code   RO         4592    !!handler_zi        c_w.l(__scatter_zi.o)
    0x08000160   0x08000160   0x00000002   Code   RO         4450    .ARM.Collect$$libinit$$00000000  c_w.l(libinit.o)
    0x08000162   0x08000162   0x00000000   Code   RO         4461    .ARM.Collect$$libinit$$00000002  c_w.l(libinit2.o)
    0x08000162   0x08000162   0x00000000   Code   RO         4463    .ARM.Collect$$libinit$$00000004  c_w.l(libinit2.o)
    0x08000162   0x08000162   0x00000000   Code   RO         4466    .ARM.Collect$$libinit$$0000000A  c_w.l(libinit2.o)
    0x08000162   0x08000162   0x00000000   Code   RO         4468    .ARM.Collect$$libinit$$0000000C  c_w.l(libinit2.o)
    0x08000162   0x08000162   0x00000000   Code   RO         4470    .ARM.Collect$$libinit$$0000000E  c_w.l(libinit2.o)
    0x08000162   0x08000162   0x00000000   Code   RO         4473    .ARM.Collect$$libinit$$00000011  c_w.l(libinit2.o)
    0x08000162   0x08000162   0x00000000   Code   RO         4475    .ARM.Collect$$libinit$$00000013  c_w.l(libinit2.o)
    0x08000162   0x08000162   0x00000000   Code   RO         4477    .ARM.Collect$$libinit$$00000015  c_w.l(libinit2.o)
    0x08000162   0x08000162   0x00000000   Code   RO         4479    .ARM.Collect$$libinit$$00000017  c_w.l(libinit2.o)
    0x08000162   0x08000162   0x00000000   Code   RO         4481    .ARM.Collect$$libinit$$00000019  c_w.l(libinit2.o)
    0x08000162   0x08000162   0x00000000   Code   RO         4483    .ARM.Collect$$libinit$$0000001B  c_w.l(libinit2.o)
    0x08000162   0x08000162   0x00000000   Code   RO         4485    .ARM.Collect$$libinit$$0000001D  c_w.l(libinit2.o)
    0x08000162   0x08000162   0x00000000   Code   RO         4487    .ARM.Collect$$libinit$$0000001F  c_w.l(libinit2.o)
    0x08000162   0x08000162   0x00000000   Code   RO         4489    .ARM.Collect$$libinit$$00000021  c_w.l(libinit2.o)
    0x08000162   0x08000162   0x00000000   Code   RO         4491    .ARM.Collect$$libinit$$00000023  c_w.l(libinit2.o)
    0x08000162   0x08000162   0x00000000   Code   RO         4493    .ARM.Collect$$libinit$$00000025  c_w.l(libinit2.o)
    0x08000162   0x08000162   0x00000000   Code   RO         4497    .ARM.Collect$$libinit$$0000002C  c_w.l(libinit2.o)
    0x08000162   0x08000162   0x00000000   Code   RO         4499    .ARM.Collect$$libinit$$0000002E  c_w.l(libinit2.o)
    0x08000162   0x08000162   0x00000000   Code   RO         4501    .ARM.Collect$$libinit$$00000030  c_w.l(libinit2.o)
    0x08000162   0x08000162   0x00000000   Code   RO         4503    .ARM.Collect$$libinit$$00000032  c_w.l(libinit2.o)
    0x08000162   0x08000162   0x00000002   Code   RO         4504    .ARM.Collect$$libinit$$00000033  c_w.l(libinit2.o)
    0x08000164   0x08000164   0x00000002   Code   RO         4528    .ARM.Collect$$libshutdown$$00000000  c_w.l(libshutdown.o)
    0x08000166   0x08000166   0x00000000   Code   RO         4541    .ARM.Collect$$libshutdown$$00000002  c_w.l(libshutdown2.o)
    0x08000166   0x08000166   0x00000000   Code   RO         4543    .ARM.Collect$$libshutdown$$00000004  c_w.l(libshutdown2.o)
    0x08000166   0x08000166   0x00000000   Code   RO         4546    .ARM.Collect$$libshutdown$$00000007  c_w.l(libshutdown2.o)
    0x08000166   0x08000166   0x00000000   Code   RO         4549    .ARM.Collect$$libshutdown$$0000000A  c_w.l(libshutdown2.o)
    0x08000166   0x08000166   0x00000000   Code   RO         4551    .ARM.Collect$$libshutdown$$0000000C  c_w.l(libshutdown2.o)
    0x08000166   0x08000166   0x00000000   Code   RO         4554    .ARM.Collect$$libshutdown$$0000000F  c_w.l(libshutdown2.o)
    0x08000166   0x08000166   0x00000002   Code   RO         4555    .ARM.Collect$$libshutdown$$00000010  c_w.l(libshutdown2.o)
    0x08000168   0x08000168   0x00000000   Code   RO         4213    .ARM.Collect$$rtentry$$00000000  c_w.l(__rtentry.o)
    0x08000168   0x08000168   0x00000000   Code   RO         4358    .ARM.Collect$$rtentry$$00000002  c_w.l(__rtentry2.o)
    0x08000168   0x08000168   0x00000006   Code   RO         4370    .ARM.Collect$$rtentry$$00000004  c_w.l(__rtentry4.o)
    0x0800016e   0x0800016e   0x00000000   Code   RO         4360    .ARM.Collect$$rtentry$$00000009  c_w.l(__rtentry2.o)
    0x0800016e   0x0800016e   0x00000004   Code   RO         4361    .ARM.Collect$$rtentry$$0000000A  c_w.l(__rtentry2.o)
    0x08000172   0x08000172   0x00000000   Code   RO         4363    .ARM.Collect$$rtentry$$0000000C  c_w.l(__rtentry2.o)
    0x08000172   0x08000172   0x00000008   Code   RO         4364    .ARM.Collect$$rtentry$$0000000D  c_w.l(__rtentry2.o)
    0x0800017a   0x0800017a   0x00000002   Code   RO         4455    .ARM.Collect$$rtexit$$00000000  c_w.l(rtexit.o)
    0x0800017c   0x0800017c   0x00000000   Code   RO         4508    .ARM.Collect$$rtexit$$00000002  c_w.l(rtexit2.o)
    0x0800017c   0x0800017c   0x00000004   Code   RO         4509    .ARM.Collect$$rtexit$$00000003  c_w.l(rtexit2.o)
    0x08000180   0x08000180   0x00000006   Code   RO         4510    .ARM.Collect$$rtexit$$00000004  c_w.l(rtexit2.o)
    0x08000186   0x08000186   0x00000002   PAD
    0x08000188   0x08000188   0x00000040   Code   RO           20    .text               startup_stm32f10x_md.o
    0x080001c8   0x080001c8   0x0000008a   Code   RO         4137    .text               c_w.l(rt_memcpy_v6.o)
    0x08000252   0x08000252   0x00000006   Code   RO         4141    .text               c_w.l(heapauxi.o)
    0x08000258   0x08000258   0x00000064   Code   RO         4307    .text               c_w.l(rt_memcpy_w.o)
    0x080002bc   0x080002bc   0x00000008   Code   RO         4401    .text               c_w.l(libspace.o)
    0x080002c4   0x080002c4   0x0000004a   Code   RO         4404    .text               c_w.l(sys_stackheap_outer.o)
    0x0800030e   0x0800030e   0x00000012   Code   RO         4443    .text               c_w.l(exit.o)
    0x08000320   0x08000320   0x0000000c   Code   RO         4520    .text               c_w.l(sys_exit.o)
    0x0800032c   0x0800032c   0x00000002   Code   RO         4531    .text               c_w.l(use_no_semi.o)
    0x0800032e   0x0800032e   0x00000000   Code   RO         4533    .text               c_w.l(indicate_semi.o)
    0x0800032e   0x0800032e   0x00000016   Code   RO          202    i.ADC_Cmd           stm32f10x_adc.o
    0x08000344   0x08000344   0x00000016   Code   RO          203    i.ADC_DMACmd        stm32f10x_adc.o
    0x0800035a   0x0800035a   0x00000016   Code   RO          207    i.ADC_ExternalTrigConvCmd  stm32f10x_adc.o
    0x08000370   0x08000370   0x00000014   Code   RO          210    i.ADC_GetCalibrationStatus  stm32f10x_adc.o
    0x08000384   0x08000384   0x00000014   Code   RO          216    i.ADC_GetResetCalibrationStatus  stm32f10x_adc.o
    0x08000398   0x08000398   0x00000050   Code   RO          220    i.ADC_Init          stm32f10x_adc.o
    0x080003e8   0x080003e8   0x000000b8   Code   RO          224    i.ADC_RegularChannelConfig  stm32f10x_adc.o
    0x080004a0   0x080004a0   0x0000000a   Code   RO          225    i.ADC_ResetCalibration  stm32f10x_adc.o
    0x080004aa   0x080004aa   0x0000000a   Code   RO          229    i.ADC_StartCalibration  stm32f10x_adc.o
    0x080004b4   0x080004b4   0x00000020   Code   RO         3912    i.AD_GetAverage     ad.o
    0x080004d4   0x080004d4   0x0000010c   Code   RO         3913    i.AD_Init           ad.o
    0x080005e0   0x080005e0   0x00000064   Code   RO         4071    i.ApplyConfig       configstore.o
    0x08000644   0x08000644   0x0000010c   Code   RO         3381    i.BlueTooth_Init    bluetooth.o
    0x08000750   0x08000750   0x00000078   Code   RO         3382    i.BlueTooth_SendStatus  bluetooth.o
    0x080007c8   0x080007c8   0x0000001c   Code   RO         3383    i.BlueTooth_Task    bluetooth.o
    0x080007e4   0x080007e4   0x00000034   Code   RO         3384    i.BufferPop         bluetooth.o
    0x08000818   0x08000818   0x0000003a   Code   RO         3385    i.BufferPush        bluetooth.o
    0x08000852   0x08000852   0x00000004   Code   RO         3245    i.BusFault_Handler  stm32f10x_it.o
    0x08000856   0x08000856   0x00000002   PAD
    0x08000858   0x08000858   0x00000010   Code   RO          757    i.CRC_CalcCRC       stm32f10x_crc.o
    0x08000868   0x08000868   0x0000000c   Code   RO          758    i.CRC_GetCRC        stm32f10x_crc.o
    0x08000874   0x08000874   0x0000000c   Code   RO          760    i.CRC_ResetDR       stm32f10x_crc.o
    0x08000880   0x08000880   0x0000003c   Code   RO         4072    i.ConfigChecksum    configstore.o
    0x080008bc   0x080008bc   0x00000008   Code   RO         4073    i.ConfigStore_Get   configstore.o
    0x080008c4   0x080008c4   0x000000a4   Code   RO         4074    i.ConfigStore_Load  configstore.o
    0x08000968   0x08000968   0x000000d0   Code   RO         4075    i.ConfigStore_Save  configstore.o
    0x08000a38   0x08000a38   0x00000018   Code   RO          911    i.DMA_Cmd           stm32f10x_dma.o
    0x08000a50   0x08000a50   0x0000014c   Code   RO          912    i.DMA_DeInit        stm32f10x_dma.o
    0x08000b9c   0x08000b9c   0x0000003c   Code   RO          917    i.DMA_Init          stm32f10x_dma.o
    0x08000bd8   0x08000bd8   0x00000002   Code   RO         3246    i.DebugMon_Handler  stm32f10x_it.o
    0x08000bda   0x08000bda   0x00000002   PAD
    0x08000bdc   0x08000bdc   0x000000e0   Code   RO         3386    i.DispatchCommand   bluetooth.o
    0x08000cbc   0x08000cbc   0x0000004c   Code   RO         1046    i.FLASH_ErasePage   stm32f10x_flash.o
    0x08000d08   0x08000d08   0x00000034   Code   RO         1047    i.FLASH_GetBank1Status  stm32f10x_flash.o
    0x08000d3c   0x08000d3c   0x00000014   Code   RO         1056    i.FLASH_Lock        stm32f10x_flash.o
    0x08000d50   0x08000d50   0x00000040   Code   RO         1059    i.FLASH_ProgramHalfWord  stm32f10x_flash.o
    0x08000d90   0x08000d90   0x00000018   Code   RO         1064    i.FLASH_Unlock      stm32f10x_flash.o
    0x08000da8   0x08000da8   0x00000026   Code   RO         1068    i.FLASH_WaitForLastOperation  stm32f10x_flash.o
    0x08000dce   0x08000dce   0x00000002   PAD
    0x08000dd0   0x08000dd0   0x00000198   Code   RO         3899    i.Face_Config       face_config.o
    0x08000f68   0x08000f68   0x00000038   Code   RO         3580    i.FrameDuration     petaction.o
    0x08000fa0   0x08000fa0   0x00000116   Code   RO         1347    i.GPIO_Init         stm32f10x_gpio.o
    0x080010b6   0x080010b6   0x0000000a   Code   RO         1358    i.GPIO_WriteBit     stm32f10x_gpio.o
    0x080010c0   0x080010c0   0x00000070   Code   RO         3941    i.GetBattery        powerdetection.o
    0x08001130   0x08001130   0x00000008   Code   RO         3942    i.GetBattery_Init   powerdetection.o
    0x08001138   0x08001138   0x00000070   Code   RO         3943    i.GetCur_Power      powerdetection.o
    0x080011a8   0x080011a8   0x00000004   Code   RO         3247    i.HardFault_Handler  stm32f10x_it.o
    0x080011ac   0x080011ac   0x00000010   Code   RO         1665    i.IWDG_Enable       stm32f10x_iwdg.o
    0x080011bc   0x080011bc   0x00000010   Code   RO         1667    i.IWDG_ReloadCounter  stm32f10x_iwdg.o
    0x080011cc   0x080011cc   0x0000000c   Code   RO         1668    i.IWDG_SetPrescaler  stm32f10x_iwdg.o
    0x080011d8   0x080011d8   0x0000000c   Code   RO         1669    i.IWDG_SetReload    stm32f10x_iwdg.o
    0x080011e4   0x080011e4   0x0000000c   Code   RO         1670    i.IWDG_WriteAccessCmd  stm32f10x_iwdg.o
    0x080011f0   0x080011f0   0x00000016   Code   RO         4027    i.IsMotion          petstate.o
    0x08001206   0x08001206   0x00000002   PAD
    0x08001208   0x08001208   0x000000f0   Code   RO         3979    i.LED_Breathing     led_breathing.o
    0x080012f8   0x080012f8   0x00000004   Code   RO         3248    i.MemManage_Handler  stm32f10x_it.o
    0x080012fc   0x080012fc   0x00000002   Code   RO         3249    i.NMI_Handler       stm32f10x_it.o
    0x080012fe   0x080012fe   0x00000002   PAD
    0x08001300   0x08001300   0x00000070   Code   RO          137    i.NVIC_Init         misc.o
    0x08001370   0x08001370   0x00000014   Code   RO          138    i.NVIC_PriorityGroupConfig  misc.o
    0x08001384   0x08001384   0x00000028   Code   RO         3635    i.OLED_Clear        oled.o
    0x080013ac   0x080013ac   0x00000090   Code   RO         3636    i.OLED_ClearArea    oled.o
    0x0800143c   0x0800143c   0x00000060   Code   RO         3644    i.OLED_GPIO_Init    oled.o
    0x0800149c   0x0800149c   0x0000003e   Code   RO         3646    i.OLED_I2C_SendByte  oled.o
    0x080014da   0x080014da   0x0000001c   Code   RO         3647    i.OLED_I2C_Start    oled.o
    0x080014f6   0x080014f6   0x00000016   Code   RO         3648    i.OLED_I2C_Stop     oled.o
    0x0800150c   0x0800150c   0x0000009a   Code   RO         3649    i.OLED_Init         oled.o
    0x080015a6   0x080015a6   0x00000014   Code   RO         3651    i.OLED_Pow          oled.o
    0x080015ba   0x080015ba   0x00000026   Code   RO         3655    i.OLED_SetCursor    oled.o
    0x080015e0   0x080015e0   0x00000054   Code   RO         3657    i.OLED_ShowChar     oled.o
    0x08001634   0x08001634   0x000000fc   Code   RO         3661    i.OLED_ShowImage    oled.o
    0x08001730   0x08001730   0x0000004c   Code   RO         3662    i.OLED_ShowNum      oled.o
    0x0800177c   0x0800177c   0x0000002e   Code   RO         3664    i.OLED_ShowString   oled.o
    0x080017aa   0x080017aa   0x00000002   PAD
    0x080017ac   0x080017ac   0x00000028   Code   RO         3665    i.OLED_Update       oled.o
    0x080017d4   0x080017d4   0x00000018   Code   RO         3667    i.OLED_W_SCL        oled.o
    0x080017ec   0x080017ec   0x00000018   Code   RO         3668    i.OLED_W_SDA        oled.o
    0x08001804   0x08001804   0x00000020   Code   RO         3669    i.OLED_WriteCommand  oled.o
    0x08001824   0x08001824   0x0000002e   Code   RO         3670    i.OLED_WriteData    oled.o
    0x08001852   0x08001852   0x00000002   PAD
    0x08001854   0x08001854   0x0000011c   Code   RO         3326    i.PWM_Init          pwm.o
    0x08001970   0x08001970   0x00000014   Code   RO         3327    i.PWM_LED1          pwm.o
    0x08001984   0x08001984   0x00000014   Code   RO         3328    i.PWM_LED2          pwm.o
    0x08001998   0x08001998   0x00000010   Code   RO         3329    i.PWM_SetCompare1   pwm.o
    0x080019a8   0x080019a8   0x00000010   Code   RO         3330    i.PWM_SetCompare2   pwm.o
    0x080019b8   0x080019b8   0x00000010   Code   RO         3331    i.PWM_SetCompare3   pwm.o
    0x080019c8   0x080019c8   0x00000010   Code   RO         3332    i.PWM_SetCompare4   pwm.o
    0x080019d8   0x080019d8   0x00000014   Code   RO         3333    i.PWM_WSetCompare   pwm.o
    0x080019ec   0x080019ec   0x000001b4   Code   RO         3387    i.ParseBuffer       bluetooth.o
    0x08001ba0   0x08001ba0   0x00000002   Code   RO         3250    i.PendSV_Handler    stm32f10x_it.o
    0x08001ba2   0x08001ba2   0x00000002   PAD
    0x08001ba4   0x08001ba4   0x00000018   Code   RO         3581    i.PetAction_Init    petaction.o
    0x08001bbc   0x08001bbc   0x0000001c   Code   RO         3582    i.PetAction_IsBusy  petaction.o
    0x08001bd8   0x08001bd8   0x00000060   Code   RO         3584    i.PetAction_Request  petaction.o
    0x08001c38   0x08001c38   0x0000000c   Code   RO         3585    i.PetAction_Stop    petaction.o
    0x08001c44   0x08001c44   0x000000c0   Code   RO         3586    i.PetAction_Task20ms  petaction.o
    0x08001d04   0x08001d04   0x000001d4   Code   RO         4028    i.PetState_Command  petstate.o
    0x08001ed8   0x08001ed8   0x00000008   Code   RO         4029    i.PetState_Get      petstate.o
    0x08001ee0   0x08001ee0   0x00000030   Code   RO         4030    i.PetState_Init     petstate.o
    0x08001f10   0x08001f10   0x0000009c   Code   RO         4031    i.PetState_Task100ms  petstate.o
    0x08001fac   0x08001fac   0x00000138   Code   RO         4032    i.PetState_Task1s   petstate.o
    0x080020e4   0x080020e4   0x00000018   Code   RO         1773    i.RCC_ADCCLKConfig  stm32f10x_rcc.o
    0x080020fc   0x080020fc   0x00000020   Code   RO         1774    i.RCC_AHBPeriphClockCmd  stm32f10x_rcc.o
    0x0800211c   0x0800211c   0x00000020   Code   RO         1775    i.RCC_APB1PeriphClockCmd  stm32f10x_rcc.o
    0x0800213c   0x0800213c   0x00000020   Code   RO         1777    i.RCC_APB2PeriphClockCmd  stm32f10x_rcc.o
    0x0800215c   0x0800215c   0x00000014   Code   RO         1781    i.RCC_ClearFlag     stm32f10x_rcc.o
    0x08002170   0x08002170   0x000000d4   Code   RO         1785    i.RCC_GetClocksFreq  stm32f10x_rcc.o
    0x08002244   0x08002244   0x0000003c   Code   RO         1786    i.RCC_GetFlagStatus  stm32f10x_rcc.o
    0x08002280   0x08002280   0x00000002   Code   RO         3251    i.SVC_Handler       stm32f10x_it.o
    0x08002282   0x08002282   0x0000001c   Code   RO         3991    i.Scheduler_Elapsed  scheduler.o
    0x0800229e   0x0800229e   0x00000002   PAD
    0x080022a0   0x080022a0   0x00000060   Code   RO         3992    i.Scheduler_Init    scheduler.o
    0x08002300   0x08002300   0x0000000c   Code   RO         3993    i.Scheduler_Millis  scheduler.o
    0x0800230c   0x0800230c   0x00000164   Code   RO         3587    i.SelectAction      petaction.o
    0x08002470   0x08002470   0x0000002c   Code   RO         3388    i.SendByte          bluetooth.o
    0x0800249c   0x0800249c   0x0000004e   Code   RO         3389    i.SendFrame         bluetooth.o
    0x080024ea   0x080024ea   0x00000002   PAD
    0x080024ec   0x080024ec   0x00000028   Code   RO         3484    i.Servo_Clamp       servo.o
    0x08002514   0x08002514   0x0000002c   Code   RO         3485    i.Servo_GetCalibration  servo.o
    0x08002540   0x08002540   0x00000020   Code   RO         3487    i.Servo_GetTarget   servo.o
    0x08002560   0x08002560   0x00000024   Code   RO         3488    i.Servo_Init        servo.o
    0x08002584   0x08002584   0x00000038   Code   RO         3489    i.Servo_SetCalibration  servo.o
    0x080025bc   0x080025bc   0x00000068   Code   RO         3490    i.Servo_SetTarget   servo.o
    0x08002624   0x08002624   0x00000068   Code   RO         3491    i.Servo_SetTargets  servo.o
    0x0800268c   0x0800268c   0x00000098   Code   RO         3492    i.Servo_Task20ms    servo.o
    0x08002724   0x08002724   0x00000158   Code   RO         3493    i.Servo_Write       servo.o
    0x0800287c   0x0800287c   0x00000008   Code   RO           24    i.SetSysClock       system_stm32f10x.o
    0x08002884   0x08002884   0x000000e0   Code   RO           25    i.SetSysClockTo72   system_stm32f10x.o
    0x08002964   0x08002964   0x00000010   Code   RO         3994    i.SysTick_Handler   scheduler.o
    0x08002974   0x08002974   0x00000060   Code   RO           27    i.SystemInit        system_stm32f10x.o
    0x080029d4   0x080029d4   0x00000018   Code   RO         2421    i.TIM_Cmd           stm32f10x_tim.o
    0x080029ec   0x080029ec   0x0000000c   Code   RO         2448    i.TIM_InternalClockConfig  stm32f10x_tim.o
    0x080029f8   0x080029f8   0x00000098   Code   RO         2450    i.TIM_OC1Init       stm32f10x_tim.o
    0x08002a90   0x08002a90   0x000000a4   Code   RO         2455    i.TIM_OC2Init       stm32f10x_tim.o
    0x08002b34   0x08002b34   0x000000a0   Code   RO         2460    i.TIM_OC3Init       stm32f10x_tim.o
    0x08002bd4   0x08002bd4   0x0000007c   Code   RO         2465    i.TIM_OC4Init       stm32f10x_tim.o
    0x08002c50   0x08002c50   0x00000014   Code   RO         2468    i.TIM_OCStructInit  stm32f10x_tim.o
    0x08002c64   0x08002c64   0x00000012   Code   RO         2478    i.TIM_SelectOutputTrigger  stm32f10x_tim.o
    0x08002c76   0x08002c76   0x00000004   Code   RO         2482    i.TIM_SetCompare1   stm32f10x_tim.o
    0x08002c7a   0x08002c7a   0x00000004   Code   RO         2483    i.TIM_SetCompare2   stm32f10x_tim.o
    0x08002c7e   0x08002c7e   0x00000004   Code   RO         2484    i.TIM_SetCompare3   stm32f10x_tim.o
    0x08002c82   0x08002c82   0x00000006   Code   RO         2485    i.TIM_SetCompare4   stm32f10x_tim.o
    0x08002c88   0x08002c88   0x000000a4   Code   RO         2492    i.TIM_TimeBaseInit  stm32f10x_tim.o
    0x08002d2c   0x08002d2c   0x00000028   Code   RO         3390    i.USART1_IRQHandler  bluetooth.o
    0x08002d54   0x08002d54   0x00000028   Code   RO         3391    i.USART3_IRQHandler  bluetooth.o
    0x08002d7c   0x08002d7c   0x00000018   Code   RO         2960    i.USART_Cmd         stm32f10x_usart.o
    0x08002d94   0x08002d94   0x0000001a   Code   RO         2963    i.USART_GetFlagStatus  stm32f10x_usart.o
    0x08002dae   0x08002dae   0x00000054   Code   RO         2964    i.USART_GetITStatus  stm32f10x_usart.o
    0x08002e02   0x08002e02   0x0000004a   Code   RO         2966    i.USART_ITConfig    stm32f10x_usart.o
    0x08002e4c   0x08002e4c   0x000000d8   Code   RO         2967    i.USART_Init        stm32f10x_usart.o
    0x08002f24   0x08002f24   0x0000000a   Code   RO         2974    i.USART_ReceiveData  stm32f10x_usart.o
    0x08002f2e   0x08002f2e   0x00000008   Code   RO         2977    i.USART_SendData    stm32f10x_usart.o
    0x08002f36   0x08002f36   0x00000004   Code   RO         3252    i.UsageFault_Handler  stm32f10x_it.o
    0x08002f3a   0x08002f3a   0x00000008   Code   RO         4107    i.Watchdog_Feed     watchdog.o
    0x08002f42   0x08002f42   0x00000002   PAD
    0x08002f44   0x08002f44   0x0000003c   Code   RO         4108    i.Watchdog_Init     watchdog.o
    0x08002f80   0x08002f80   0x0000000c   Code   RO         4109    i.Watchdog_WasReset  watchdog.o
    0x08002f8c   0x08002f8c   0x000000b6   Code   RO         3196    i.main              main.o
    0x08003042   0x08003042   0x00000002   PAD
    0x08003044   0x08003044   0x000000c4   Code   RO         4177    x$fpl$fadd          fz_ws.l(faddsub_clz.o)
    0x08003108   0x08003108   0x00000018   Code   RO         4317    x$fpl$fcmpinf       fz_ws.l(fcmpi.o)
    0x08003120   0x08003120   0x00000184   Code   RO         4184    x$fpl$fdiv          fz_ws.l(fdiv.o)
    0x080032a4   0x080032a4   0x0000003e   Code   RO         4187    x$fpl$ffixu         fz_ws.l(ffixu.o)
    0x080032e2   0x080032e2   0x00000002   PAD
    0x080032e4   0x080032e4   0x00000030   Code   RO         4192    x$fpl$fflt          fz_ws.l(fflt_clz.o)
    0x08003314   0x08003314   0x00000026   Code   RO         4191    x$fpl$ffltu         fz_ws.l(fflt_clz.o)
    0x0800333a   0x0800333a   0x00000002   PAD
    0x0800333c   0x0800333c   0x00000068   Code   RO         4197    x$fpl$fleqf         fz_ws.l(fleqf.o)
    0x080033a4   0x080033a4   0x00000102   Code   RO         4199    x$fpl$fmul          fz_ws.l(fmul.o)
    0x080034a6   0x080034a6   0x0000008c   Code   RO         4319    x$fpl$fnaninf       fz_ws.l(fnaninf.o)
    0x08003532   0x08003532   0x0000000a   Code   RO         4321    x$fpl$fretinf       fz_ws.l(fretinf.o)
    0x0800353c   0x0800353c   0x00000062   Code   RO         4201    x$fpl$frleqf        fz_ws.l(frleqf.o)
    0x0800359e   0x0800359e   0x00000002   PAD
    0x080035a0   0x080035a0   0x000000ea   Code   RO         4179    x$fpl$fsub          fz_ws.l(faddsub_clz.o)
    0x0800368a   0x0800368a   0x00000000   Code   RO         4331    x$fpl$usenofp       fz_ws.l(usenofp.o)
    0x0800368a   0x0800368a   0x00000190   Data   RO         3588    .constdata          petaction.o
    0x0800381a   0x0800381a   0x00002546   Data   RO         3887    .constdata          oled_data.o
    0x08005d60   0x08005d60   0x00000020   Data   RO         4586    Region$$Table       anon$$obj.o


    Execution Region RW_IRAM1 (Exec base: 0x20000000, Load base: 0x08005d80, Size: 0x00000c58, Max: 0x00005000, ABSOLUTE)

    Exec Addr    Load Addr    Size         Type   Attr      Idx    E Section Name        Object

    0x20000000   0x08005d80   0x00000014   Data   RW           28    .data               system_stm32f10x.o
    0x20000014   0x08005d94   0x00000014   Data   RW         1805    .data               stm32f10x_rcc.o
    0x20000028   0x08005da8   0x00000014   Data   RW         3393    .data               bluetooth.o
    0x2000003c   0x08005dbc   0x00000037   Data   RW         3496    .data               servo.o
    0x20000073   0x08005df3   0x00000001   PAD
    0x20000074   0x08005df4   0x0000000b   Data   RW         3589    .data               petaction.o
    0x2000007f   0x08005dff   0x00000001   PAD
    0x20000080   0x08005e00   0x00000005   Data   RW         3900    .data               face_config.o
    0x20000085   0x08005e05   0x00000002   Data   RW         3945    .data               powerdetection.o
    0x20000087   0x08005e07   0x00000001   PAD
    0x20000088   0x08005e08   0x0000002c   Data   RW         3967    .data               variable.o
    0x200000b4   0x08005e34   0x00000004   Data   RW         3995    .data               scheduler.o
    0x200000b8   0x08005e38   0x00000002   Data   RW         4034    .data               petstate.o
    0x200000ba   0x08005e3a   0x00000001   Data   RW         4110    .data               watchdog.o
    0x200000bb   0x08005e3b   0x00000001   PAD
    0x200000bc        -       0x000000a8   Zero   RW         3392    .bss                bluetooth.o
    0x20000164        -       0x00000014   Zero   RW         3495    .bss                servo.o
    0x20000178        -       0x00000400   Zero   RW         3672    .bss                oled.o
    0x20000578        -       0x00000040   Zero   RW         3915    .bss                ad.o
    0x200005b8        -       0x00000010   Zero   RW         3944    .bss                powerdetection.o
    0x200005c8        -       0x00000010   Zero   RW         4033    .bss                petstate.o
    0x200005d8        -       0x0000001c   Zero   RW         4076    .bss                configstore.o
    0x200005f4        -       0x00000060   Zero   RW         4402    .bss                c_w.l(libspace.o)
    0x20000654   0x08005e3b   0x00000004   PAD
    0x20000658        -       0x00000200   Zero   RW           18    HEAP                startup_stm32f10x_md.o
    0x20000858        -       0x00000400   Zero   RW           17    STACK               startup_stm32f10x_md.o


==============================================================================

Image component sizes


      Code (inc. data)   RO Data    RW Data    ZI Data      Debug   Object Name

       300         20          0          0         64       1718   ad.o
      1388        112          0         20        168       9093   bluetooth.o
       540         72          0          0         28       3852   configstore.o
         0          0          0          0          0       4540   core_cm3.o
       408         82          0          5          0        726   face_config.o
       240         22          0          0          0        604   led_breathing.o
       182          0          0          0          0       1831   main.o
       132         22          0          0          0     213915   misc.o
      1228         42          0          0       1024      11353   oled.o
         0          0       9542          0          0       1511   oled_data.o
       764        172        400         11          0       5134   petaction.o
      1014        132          0          2         16       4613   petstate.o
       232         40          0          2         16       1662   powerdetection.o
       408         32          0          0          0       4251   pwm.o
       152         22          0          4          0      17897   scheduler.o
       912        114          0         55         20       6167   servo.o
        64         26        236          0       1536        796   startup_stm32f10x_md.o
       390         10          0          0          0      18000   stm32f10x_adc.o
        40         16          0          0          0       1437   stm32f10x_crc.o
       416          8          0          0          0      13186   stm32f10x_dma.o
       274         30          0          0          0       9702   stm32f10x_flash.o
       288          0          0          0          0      10844   stm32f10x_gpio.o
        24          0          0          0          0       3524   stm32f10x_it.o
        68         30          0          0          0       2414   stm32f10x_iwdg.o
       412         54          0         20          0      15329   stm32f10x_rcc.o
       856         92          0          0          0      28516   stm32f10x_tim.o
       442          6          0          0          0      12109   stm32f10x_usart.o
       328         28          0         20          0      61897   system_stm32f10x.o
         0          0          0         44          0       1050   variable.o
        80         10          0          1          0       1648   watchdog.o

    ----------------------------------------------------------------------
     11606       1194      10210        188       2872     469319   Object Totals
         0          0         32          0          0          0   (incl. Generated)
        24          0          0          4          0          0   (incl. Padding)

    ----------------------------------------------------------------------

      Code (inc. data)   RO Data    RW Data    ZI Data      Debug   Library Member Name

         8          0          0          0          0         68   __main.o
         0          0          0          0          0          0   __rtentry.o
        12          0          0          0          0          0   __rtentry2.o
         6          0          0          0          0          0   __rtentry4.o
        52          8          0          0          0          0   __scatter.o
        26          0          0          0          0          0   __scatter_copy.o
        28          0          0          0          0          0   __scatter_zi.o
        18          0          0          0          0         80   exit.o
         6          0          0          0          0        152   heapauxi.o
         0          0          0          0          0          0   indicate_semi.o
         2          0          0          0          0          0   libinit.o
         2          0          0          0          0          0   libinit2.o
         2          0          0          0          0          0   libshutdown.o
         2          0          0          0          0          0   libshutdown2.o
         8          4          0          0         96         68   libspace.o
       138          0          0          0          0         68   rt_memcpy_v6.o
       100          0          0          0          0         80   rt_memcpy_w.o
         2          0          0          0          0          0   rtexit.o
        10          0          0          0          0          0   rtexit2.o
        12          4          0          0          0         68   sys_exit.o
        74          0          0          0          0         80   sys_stackheap_outer.o
         2          0          0          0          0         68   use_no_semi.o
       430          8          0          0          0        168   faddsub_clz.o
        24          0          0          0          0         68   fcmpi.o
       388         76          0          0          0         96   fdiv.o
        62          4          0          0          0         84   ffixu.o
        86          0          0          0          0        136   fflt_clz.o
       104          4          0          0          0         84   fleqf.o
       258          4          0          0          0         84   fmul.o
       140          4          0          0          0         84   fnaninf.o
        10          0          0          0          0         68   fretinf.o
        98          0          0          0          0         68   frleqf.o
         0          0          0          0          0          0   usenofp.o

    ----------------------------------------------------------------------
      2120        116          0          0        100       1672   Library Totals
        10          0          0          0          4          0   (incl. Padding)

    ----------------------------------------------------------------------

      Code (inc. data)   RO Data    RW Data    ZI Data      Debug   Library Name

       510         16          0          0         96        732   c_w.l
      1600        100          0          0          0        940   fz_ws.l

    ----------------------------------------------------------------------
      2120        116          0          0        100       1672   Library Totals

    ----------------------------------------------------------------------

==============================================================================


      Code (inc. data)   RO Data    RW Data    ZI Data      Debug   

     13726       1310      10210        188       2972     462719   Grand Totals
     13726       1310      10210        188       2972     462719   ELF Image Totals
     13726       1310      10210        188          0          0   ROM Totals

==============================================================================

    Total RO  Size (Code + RO Data)                23936 (  23.38kB)
    Total RW  Size (RW Data + ZI Data)              3160 (   3.09kB)
    Total ROM Size (Code + RO Data + RW Data)      24124 (  23.56kB)

==============================================================================

